 mcf6

 Timestamp is 5e533eab (Mon Feb 24 11:10:35 2020)

 Preferred load address is 00400000

 Start         Length     Name                   Class
 0001:00000000 000013b0H .text$di                CODE
 0001:000013b0 0000f8a0H .text$mn                CODE
 0001:00010c50 00000740H .text$x                 CODE
 0001:00011390 000001f6H .text$yd                CODE
 0002:00000000 000005d4H .idata$5                DATA
 0002:000005d4 00000004H .00cfg                  DATA
 0002:000005d8 00000004H .CRT$XCA                DATA
 0002:000005dc 00000004H .CRT$XCAA               DATA
 0002:000005e0 00000008H .CRT$XCL                DATA
 0002:000005e8 0000006cH .CRT$XCU                DATA
 0002:00000654 00000004H .CRT$XCZ                DATA
 0002:00000658 00000004H .CRT$XIA                DATA
 0002:0000065c 00000004H .CRT$XIAA               DATA
 0002:00000660 00000004H .CRT$XIAC               DATA
 0002:00000664 00000004H .CRT$XIC                DATA
 0002:00000668 00000004H .CRT$XIZ                DATA
 0002:0000066c 00000004H .CRT$XLA                DATA
 0002:00000670 00000004H .CRT$XLZ                DATA
 0002:00000674 00000004H .CRT$XPA                DATA
 0002:00000678 00000004H .CRT$XPZ                DATA
 0002:0000067c 00000004H .CRT$XTA                DATA
 0002:00000680 00000010H .CRT$XTZ                DATA
 0002:00000684 00000000H .gfids$y                DATA
 0002:00000690 00004d4cH .rdata                  DATA
 0002:000053dc 00000018H .rdata$T                DATA
 0002:000053f4 000003bcH .rdata$r                DATA
 0002:000057b0 0000005cH .rdata$sxdata           DATA
 0002:0000580c 0000042cH .rdata$zzzdbg           DATA
 0002:00005c38 00000004H .rtc$IAA                DATA
 0002:00005c3c 0000001cH .rtc$IMZ                DATA
 0002:00005c58 00000004H .rtc$IZZ                DATA
 0002:00005c5c 00000004H .rtc$TAA                DATA
 0002:00005c60 0000001cH .rtc$TMZ                DATA
 0002:00005c7c 00000004H .rtc$TZZ                DATA
 0002:00005c80 00000004H .tls                    DATA
 0002:00005c84 00000004H .tls$                   DATA
 0002:00005c88 00000008H .tls$ZZZ                DATA
 0002:00005c90 000005d4H .xdata$x                DATA
 0002:00006264 00000004H ATL$__a                 DATA
 0002:00006268 00000004H ATL$__z                 DATA
 0002:0000626c 00000000H .edata                  DATA
 0002:0000626c 000000b4H .idata$2                DATA
 0002:00006320 00000014H .idata$3                DATA
 0002:00006334 000005d4H .idata$4                DATA
 0002:00006908 000009ceH .idata$6                DATA
 0003:00000000 0000004cH .data                   DATA
 0003:0000004c 00000174H .data$r                 DATA
 0003:000001c0 00002684H .bss                    DATA
 0004:00000000 00000370H .rsrc$01                DATA
 0004:00000370 00006048H .rsrc$02                DATA

  Address         Publics by Value              Rva+Base       Lib:Object

 0000:00000000       ___hybrid_code_map_count   00000000     <absolute>
 0000:00000000       ___enclave_config          00000000     <absolute>
 0000:00000000       ___volatile_metadata       00000000     <absolute>
 0000:00000000       ___guard_iat_table         00000000     <absolute>
 0000:00000000       ___guard_longjmp_table     00000000     <absolute>
 0000:00000000       ___hybrid_code_map         00000000     <absolute>
 0000:00000000       ___guard_fids_table        00000000     <absolute>
 0000:00000000       ___guard_longjmp_count     00000000     <absolute>
 0000:00000000       ___AbsoluteZero            00000000     <absolute>
 0000:00000000       ___hybrid_auxiliary_iat    00000000     <absolute>
 0000:00000000       ___guard_iat_count         00000000     <absolute>
 0000:00000000       ___dynamic_value_reloc_table 00000000     <absolute>
 0000:00000000       ___guard_fids_count        00000000     <absolute>
 0000:00000017       ___safe_se_handler_count   00000017     <absolute>
 0000:0000002c       __tls_array                0000002c     <absolute>
 0000:00000100       ___guard_flags             00000100     <absolute>
 0000:00000000       ___ImageBase               00400000     <linker-defined>
 0001:000013b0       ??0Cmcf6App@@QAE@XZ        004023b0 f   mcf6.obj
 0001:00001400       ??1CBitmapButton@@UAE@XZ   00402400 f i mcf6.obj
 0001:00001480       ??1Cmcf6App@@UAE@XZ        00402480 f i mcf6.obj
 0001:000014c0       ??1Cmcf6Dlg@@UAE@XZ        004024c0 f i mcf6.obj
 0001:00001650       ??_ECmcf6App@@UAEPAXI@Z    00402650 f i mcf6.obj
 0001:00001650       ??_GCmcf6App@@UAEPAXI@Z    00402650 f i mcf6.obj
 0001:000016c0       ?GetApplicationRecoveryParameter@CWinApp@@UAEPAXXZ 004026c0 f i mcf6.obj
 0001:000016f0       ?GetApplicationRecoveryPingInterval@CWinApp@@UAEKXZ 004026f0 f i mcf6.obj
 0001:00001720       ?GetApplicationRestartFlags@CWinApp@@UAEKXZ 00402720 f i mcf6.obj
 0001:00001750       ?GetMessageMap@Cmcf6App@@MBEPBUAFX_MSGMAP@@XZ 00402750 f   mcf6.obj
 0001:00001790       ?GetThisMessageMap@Cmcf6App@@KGPBUAFX_MSGMAP@@XZ 00402790 f   mcf6.obj
 0001:000017c0       ?InitInstance@Cmcf6App@@UAEHXZ 004027c0 f   mcf6.obj
 0001:00001910       ?ReopenPreviousFilesAtRestart@CWinApp@@UBEHXZ 00402910 f i mcf6.obj
 0001:00001950       ?RestoreAutosavedFilesAtRestart@CWinApp@@UBEHXZ 00402950 f i mcf6.obj
 0001:00001990       ?SupportsApplicationRecovery@CWinApp@@UBEHXZ 00402990 f i mcf6.obj
 0001:000019d0       ?SupportsAutosaveAtInterval@CWinApp@@UBEHXZ 004029d0 f i mcf6.obj
 0001:00001a10       ?SupportsAutosaveAtRestart@CWinApp@@UBEHXZ 00402a10 f i mcf6.obj
 0001:00001a50       ?SupportsRestartManager@CWinApp@@UBEHXZ 00402a50 f i mcf6.obj
 0001:00001a90       ?__empty_global_delete@@YAXPAX@Z 00402a90 f i mcf6.obj
 0001:00001ac0       ?__empty_global_delete@@YAXPAXI@Z 00402ac0 f i mcf6.obj
 0001:00001ac0       ?__global_delete@@YAXPAXI@Z 00402ac0 f i mcf6.obj
 0001:00001af0       ?OnSysCommand@Cmcf6Dlg@@IAEXIJ@Z 00402af0 f   mcf6Dlg.obj
 0001:00001be0       ?OnPaint@Cmcf6Dlg@@IAEXXZ  00402be0 f   mcf6Dlg.obj
 0001:00001d80       ?OnQueryDragIcon@Cmcf6Dlg@@IAEPAUHICON__@@XZ 00402d80 f   mcf6Dlg.obj
 0001:00001dc0       ?OnBnClickedButton1@Cmcf6Dlg@@QAEXXZ 00402dc0 f   mcf6Dlg.obj
 0001:00001ee0       ?OnBnClickedButton2@Cmcf6Dlg@@QAEXXZ 00402ee0 f   mcf6Dlg.obj
 0001:00001fa0       ?OnLvnItemchangedList1@Cmcf6Dlg@@QAEXPAUtagNMHDR@@PAJ@Z 00402fa0 f   mcf6Dlg.obj
 0001:00002030       ?OnNMCustomdrawList1@Cmcf6Dlg@@QAEXPAUtagNMHDR@@PAJ@Z 00403030 f   mcf6Dlg.obj
 0001:00002270       ?OnBnClickedButton5@Cmcf6Dlg@@QAEXXZ 00403270 f   mcf6Dlg.obj
 0001:000022b0       ?OnBnClickedButton4@Cmcf6Dlg@@QAEXXZ 004032b0 f   mcf6Dlg.obj
 0001:00002440       ??0?$CTraceCategoryEx@$0CAAA@$0A@@ATL@@QAE@PB_W@Z 00403440 f i mcf6Dlg.obj
 0001:00002490       ??0?$CTraceCategoryEx@$0CAAAA@$0A@@ATL@@QAE@PB_W@Z 00403490 f i mcf6Dlg.obj
 0001:000024e0       ??0CAboutDlg@@QAE@XZ       004034e0 f   mcf6Dlg.obj
 0001:00002530       ??0CRect@@QAE@XZ           00403530 f i mcf6Dlg.obj
 0001:00002590       ??0Cmcf6Dlg@@QAE@PAVCWnd@@@Z 00403590 f   mcf6Dlg.obj
 0001:000027e0       ??1CAboutDlg@@UAE@XZ       004037e0 f i mcf6Dlg.obj
 0001:00002820       ??HATL@@YA?AV?$CStringT@_WV?$StrTraitMFC_DLL@_WV?$ChTraitsCRT@_W@ATL@@@@@0@PB_WABV10@@Z 00403820 f i mcf6Dlg.obj
 0001:00002980       ??_ECAboutDlg@@UAEPAXI@Z   00403980 f i mcf6Dlg.obj
 0001:00002980       ??_GCAboutDlg@@UAEPAXI@Z   00403980 f i mcf6Dlg.obj
 0001:000029f0       ??_ECmcf6Dlg@@UAEPAXI@Z    004039f0 f i mcf6Dlg.obj
 0001:000029f0       ??_GCmcf6Dlg@@UAEPAXI@Z    004039f0 f i mcf6Dlg.obj
 0001:00002a60       ?DoDataExchange@CAboutDlg@@MAEXPAVCDataExchange@@@Z 00403a60 f   mcf6Dlg.obj
 0001:00002ab0       ?DoDataExchange@Cmcf6Dlg@@MAEXPAVCDataExchange@@@Z 00403ab0 f   mcf6Dlg.obj
 0001:00002cb0       ?GetMessageMap@CAboutDlg@@MBEPBUAFX_MSGMAP@@XZ 00403cb0 f   mcf6Dlg.obj
 0001:00002cf0       ?GetMessageMap@Cmcf6Dlg@@MBEPBUAFX_MSGMAP@@XZ 00403cf0 f   mcf6Dlg.obj
 0001:00002d30       ?GetThisMessageMap@CAboutDlg@@KGPBUAFX_MSGMAP@@XZ 00403d30 f   mcf6Dlg.obj
 0001:00002d60       ?GetThisMessageMap@Cmcf6Dlg@@KGPBUAFX_MSGMAP@@XZ 00403d60 f   mcf6Dlg.obj
 0001:00002d90       ?Height@CRect@@QBEHXZ      00403d90 f i mcf6Dlg.obj
 0001:00002de0       ?OnInitDialog@Cmcf6Dlg@@MAEHXZ 00403de0 f   mcf6Dlg.obj
 0001:00003200       ?RegisterCategory@CTrace@ATL@@SAXPB_WI@Z 00404200 f i mcf6Dlg.obj
 0001:000032d0       ?Width@CRect@@QBEHXZ       004042d0 f i mcf6Dlg.obj
 0001:00003310       ?lixsinff_CapThread@@YGKPAX@Z 00404310 f   mcf6Dlg.obj
 0001:00004050       ?lixsniff_initCap@Cmcf6Dlg@@QAEHXZ 00405050 f   mcf6Dlg.obj
 0001:00004110       ?lixsniff_readFile@Cmcf6Dlg@@QAEHV?$CStringT@_WV?$StrTraitMFC_DLL@_WV?$ChTraitsCRT@_W@ATL@@@@@ATL@@@Z 00405110 f   mcf6Dlg.obj
 0001:00005040       ?lixsniff_saveFile@Cmcf6Dlg@@QAEHXZ 00406040 f   mcf6Dlg.obj
 0001:00005300       ?lixsniff_startCap@Cmcf6Dlg@@QAEHXZ 00406300 f   mcf6Dlg.obj
 0001:00005af0       ?lixsniff_updateEdit@Cmcf6Dlg@@QAEHH@Z 00406af0 f   mcf6Dlg.obj
 0001:00005c50       ?lixsniff_updateNPacket@Cmcf6Dlg@@QAEHXZ 00406c50 f   mcf6Dlg.obj
 0001:00005fe0       ?lixsniff_updateTree@Cmcf6Dlg@@QAEHH@Z 00406fe0 f   mcf6Dlg.obj
 0001:00008460       ?_AfxInitManaged@@YAHXZ    00409460 f i stdafx.obj
 0001:00008490       ??$AtlAdd@H@ATL@@YAJPAHHH@Z 00409490 f i stdafx.obj
 0001:000084f0       ??$AtlAdd@I@ATL@@YAJPAIII@Z 004094f0 f i stdafx.obj
 0001:00008550       ??$AtlAdd@K@ATL@@YAJPAKKK@Z 00409550 f i stdafx.obj
 0001:000085b0       ??$AtlAlignUp@H@ATL@@YGHHK@Z 004095b0 f i stdafx.obj
 0001:000085f0       ??$AtlMultiply@I@ATL@@YAJPAIII@Z 004095f0 f i stdafx.obj
 0001:00008660       ??$AtlMultiply@K@ATL@@YAJPAKKK@Z 00409660 f i stdafx.obj
 0001:000086d0       ??0?$CHeapPtr@_WVCCRTAllocator@ATL@@@ATL@@QAE@XZ 004096d0 f i stdafx.obj
 0001:00008720       ??0?$CHeapPtrBase@_WVCCRTAllocator@ATL@@@ATL@@IAE@XZ 00409720 f i stdafx.obj
 0001:00008760       ??0?$CSimpleArray@GV?$CSimpleArrayEqualHelper@G@ATL@@@ATL@@QAE@XZ 00409760 f i stdafx.obj
 0001:000087b0       ??0?$CTraceCategoryEx@$00$0A@@ATL@@QAE@PB_W@Z 004097b0 f i stdafx.obj
 0001:00008800       ??0?$CTraceCategoryEx@$01$0A@@ATL@@QAE@PB_W@Z 00409800 f i stdafx.obj
 0001:00008850       ??0?$CTraceCategoryEx@$03$0A@@ATL@@QAE@PB_W@Z 00409850 f i stdafx.obj
 0001:000088a0       ??0?$CTraceCategoryEx@$07$0A@@ATL@@QAE@PB_W@Z 004098a0 f i stdafx.obj
 0001:000088f0       ??0?$CTraceCategoryEx@$0BA@$0A@@ATL@@QAE@PB_W@Z 004098f0 f i stdafx.obj
 0001:00008940       ??0?$CTraceCategoryEx@$0BAA@$0A@@ATL@@QAE@PB_W@Z 00409940 f i stdafx.obj
 0001:00008990       ??0?$CTraceCategoryEx@$0BAAA@$0A@@ATL@@QAE@PB_W@Z 00409990 f i stdafx.obj
 0001:000089e0       ??0?$CTraceCategoryEx@$0BAAAA@$0A@@ATL@@QAE@PB_W@Z 004099e0 f i stdafx.obj
 0001:00008a30       ??0?$CTraceCategoryEx@$0BAAAAA@$0A@@ATL@@QAE@PB_W@Z 00409a30 f i stdafx.obj
 0001:00008a80       ??0?$CTraceCategoryEx@$0CA@$0A@@ATL@@QAE@PB_W@Z 00409a80 f i stdafx.obj
 0001:00008ad0       ??0?$CTraceCategoryEx@$0CAA@$0A@@ATL@@QAE@PB_W@Z 00409ad0 f i stdafx.obj
 0001:00008b20       ??0?$CTraceCategoryEx@$0CAAAAA@$0A@@ATL@@QAE@PB_W@Z 00409b20 f i stdafx.obj
 0001:00008b70       ??0?$CTraceCategoryEx@$0EA@$0A@@ATL@@QAE@PB_W@Z 00409b70 f i stdafx.obj
 0001:00008bc0       ??0?$CTraceCategoryEx@$0EAA@$0A@@ATL@@QAE@PB_W@Z 00409bc0 f i stdafx.obj
 0001:00008c10       ??0?$CTraceCategoryEx@$0EAAA@$0A@@ATL@@QAE@PB_W@Z 00409c10 f i stdafx.obj
 0001:00008c60       ??0?$CTraceCategoryEx@$0EAAAA@$0A@@ATL@@QAE@PB_W@Z 00409c60 f i stdafx.obj
 0001:00008cb0       ??0?$CTraceCategoryEx@$0EAAAAA@$0A@@ATL@@QAE@PB_W@Z 00409cb0 f i stdafx.obj
 0001:00008d00       ??0?$CTraceCategoryEx@$0IA@$0A@@ATL@@QAE@PB_W@Z 00409d00 f i stdafx.obj
 0001:00008d50       ??0?$CTraceCategoryEx@$0IAA@$0A@@ATL@@QAE@PB_W@Z 00409d50 f i stdafx.obj
 0001:00008da0       ??0?$CTraceCategoryEx@$0IAAA@$0A@@ATL@@QAE@PB_W@Z 00409da0 f i stdafx.obj
 0001:00008df0       ??0?$CTraceCategoryEx@$0IAAAA@$0A@@ATL@@QAE@PB_W@Z 00409df0 f i stdafx.obj
 0001:00008e40       ??0CAtlComModule@ATL@@QAE@XZ 00409e40 f i stdafx.obj
 0001:00008f30       ??0CAtlStringMgr@ATL@@QAE@PAUIAtlMemMgr@1@@Z 00409f30 f i stdafx.obj
 0001:00008fa0       ??0CAtlStringMgrStaticInitializer@ATLImplementationDetails@ATL@@QAE@XZ 00409fa0 f i stdafx.obj
 0001:00008fe0       ??0CAtlWinModule@ATL@@QAE@XZ 00409fe0 f i stdafx.obj
 0001:00009090       ??0CComCriticalSection@ATL@@QAE@XZ 0040a090 f i stdafx.obj
 0001:000090e0       ??0CNilStringData@ATL@@QAE@XZ 0040a0e0 f i stdafx.obj
 0001:00009160       ??0CPreserveLastError@ATL@@QAE@XZ 0040a160 f i stdafx.obj
 0001:000091b0       ??0CTraceFileAndLineInfo@ATL@@QAE@PBDH@Z 0040a1b0 f i stdafx.obj
 0001:000091f0       ??0CWin32Heap@ATL@@QAE@PAX@Z 0040a1f0 f i stdafx.obj
 0001:00009280       ??0_ATL_COM_MODULE70@ATL@@QAE@XZ 0040a280 f i stdafx.obj
 0001:000092d0       ??0_ATL_WIN_MODULE70@ATL@@QAE@XZ 0040a2d0 f i stdafx.obj
 0001:00009360       ??1?$CHeapPtr@_WVCCRTAllocator@ATL@@@ATL@@QAE@XZ 0040a360 f i stdafx.obj
 0001:000093a0       ??1?$CHeapPtrBase@_WVCCRTAllocator@ATL@@@ATL@@QAE@XZ 0040a3a0 f i stdafx.obj
 0001:000093e0       ??1?$CSimpleArray@GV?$CSimpleArrayEqualHelper@G@ATL@@@ATL@@QAE@XZ 0040a3e0 f i stdafx.obj
 0001:00009450       ??1CAtlComModule@ATL@@QAE@XZ 0040a450 f i stdafx.obj
 0001:000094d0       ??1CAtlStringMgr@ATL@@UAE@XZ 0040a4d0 f i stdafx.obj
 0001:00009500       ??1CAtlWinModule@ATL@@QAE@XZ 0040a500 f i stdafx.obj
 0001:00009580       ??1CComCriticalSection@ATL@@QAE@XZ 0040a580 f i stdafx.obj
 0001:000095b0       ??1CPreserveLastError@ATL@@QAE@XZ 0040a5b0 f i stdafx.obj
 0001:00009600       ??1CWin32Heap@ATL@@UAE@XZ  0040a600 f i stdafx.obj
 0001:000096a0       ??1_ATL_COM_MODULE70@ATL@@QAE@XZ 0040a6a0 f i stdafx.obj
 0001:000096f0       ??1_ATL_WIN_MODULE70@ATL@@QAE@XZ 0040a6f0 f i stdafx.obj
 0001:00009740       ??A?$CSimpleArray@GV?$CSimpleArrayEqualHelper@G@ATL@@@ATL@@QAEAAGH@Z 0040a740 f i stdafx.obj
 0001:000097f0       ??B?$CHeapPtrBase@_WVCCRTAllocator@ATL@@@ATL@@QBEPA_WXZ 0040a7f0 f i stdafx.obj
 0001:00009820       ??B?$CTraceCategoryEx@$01$0A@@ATL@@QAEIXZ 0040a820 f i stdafx.obj
 0001:00009850       ??B?$CTraceCategoryEx@$0CA@$0A@@ATL@@QAEIXZ 0040a850 f i stdafx.obj
 0001:00009880       ??RCTraceFileAndLineInfo@ATL@@QBAXHIPB_WZZ 0040a880 f i stdafx.obj
 0001:00009960       ??_GCAtlStringMgr@ATL@@UAEPAXI@Z 0040a960 f i stdafx.obj
 0001:00009960       ??_ECAtlStringMgr@ATL@@UAEPAXI@Z 0040a960 f i stdafx.obj
 0001:000099c0       ??_ECWin32Heap@ATL@@UAEPAXI@Z 0040a9c0 f i stdafx.obj
 0001:000099c0       ??_GCWin32Heap@ATL@@UAEPAXI@Z 0040a9c0 f i stdafx.obj
 0001:00009a20       ??_H@YGXPAXIIP6EPAX0@Z@Z   0040aa20 f i stdafx.obj
 0001:00009ab0       ?AddRef@CStringData@ATL@@QAEXXZ 0040aab0 f i stdafx.obj
 0001:00009b30       ?Allocate@?$CHeapPtr@_WVCCRTAllocator@ATL@@@ATL@@QAE_NI@Z 0040ab30 f i stdafx.obj
 0001:00009bd0       ?Allocate@CAtlStringMgr@ATL@@UAEPAUCStringData@2@HH@Z 0040abd0 f i stdafx.obj
 0001:00009de0       ?Allocate@CCRTAllocator@ATL@@SAPAXI@Z 0040ade0 f i stdafx.obj
 0001:00009e30       ?Allocate@CWin32Heap@ATL@@UAEPAXI@Z 0040ae30 f i stdafx.obj
 0001:00009e90       ?AllocateBytes@?$CHeapPtrBase@_WVCCRTAllocator@ATL@@@ATL@@QAE_NI@Z 0040ae90 f i stdafx.obj
 0001:00009f20       ?AtlWinModuleInit@ATL@@YGJPAU_ATL_WIN_MODULE70@1@@Z 0040af20 f i stdafx.obj
 0001:0000a010       ?AtlWinModuleTerm@ATL@@YGJPAU_ATL_WIN_MODULE70@1@PAUHINSTANCE__@@@Z 0040b010 f i stdafx.obj
 0001:0000a0e0       ?Clone@CAtlStringMgr@ATL@@UAEPAUIAtlStringMgr@2@XZ 0040b0e0 f i stdafx.obj
 0001:0000a110       ?Free@?$CHeapPtrBase@_WVCCRTAllocator@ATL@@@ATL@@QAEXXZ 0040b110 f i stdafx.obj
 0001:0000a160       ?Free@CAtlStringMgr@ATL@@UAEXPAUCStringData@2@@Z 0040b160 f i stdafx.obj
 0001:0000a230       ?Free@CCRTAllocator@ATL@@SAXPAX@Z 0040b230 f i stdafx.obj
 0001:0000a280       ?Free@CWin32Heap@ATL@@UAEXPAX@Z 0040b280 f i stdafx.obj
 0001:0000a320       ?GetCategoryName@CTrace@ATL@@CAPA_WI@Z 0040b320 f i stdafx.obj
 0001:0000a390       ?GetInstance@CAtlStringMgr@ATL@@SAPAUIAtlStringMgr@2@XZ 0040b390 f i stdafx.obj
 0001:0000a490       ?GetModuleInstance@CAtlBaseModule@ATL@@QAEPAUHINSTANCE__@@XZ 0040b490 f i stdafx.obj
 0001:0000a4c0       ?GetNilString@CAtlStringMgr@ATL@@UAEPAUCStringData@2@XZ 0040b4c0 f i stdafx.obj
 0001:0000a510       ?GetSize@?$CSimpleArray@GV?$CSimpleArrayEqualHelper@G@ATL@@@ATL@@QBEHXZ 0040b510 f i stdafx.obj
 0001:0000a540       ?GetSize@CWin32Heap@ATL@@UAEIPAX@Z 0040b540 f i stdafx.obj
 0001:0000a5a0       ?Init@CComCriticalSection@ATL@@QAEJXZ 0040b5a0 f i stdafx.obj
 0001:0000a610       ?Reallocate@CAtlStringMgr@ATL@@UAEPAUCStringData@2@PAU32@HH@Z 0040b610 f i stdafx.obj
 0001:0000a840       ?Reallocate@CWin32Heap@ATL@@UAEPAXPAXI@Z 0040b840 f i stdafx.obj
 0001:0000a8e0       ?RemoveAll@?$CSimpleArray@GV?$CSimpleArrayEqualHelper@G@ATL@@@ATL@@QAEXXZ 0040b8e0 f i stdafx.obj
 0001:0000a980       ?SetManager@CNilStringData@ATL@@QAEXPAUIAtlStringMgr@2@@Z 0040b980 f i stdafx.obj
 0001:0000aa00       ?Term@CAtlComModule@ATL@@QAEXXZ 0040ba00 f i stdafx.obj
 0001:0000aad0       ?Term@CAtlWinModule@ATL@@QAEXXZ 0040bad0 f i stdafx.obj
 0001:0000ab20       ?Term@CComCriticalSection@ATL@@QAEJXZ 0040bb20 f i stdafx.obj
 0001:0000ab70       ?TraceV@CTrace@ATL@@CAXPBDHIIPB_W@Z 0040bb70 f i stdafx.obj
 0001:0000ae10       ?TraceV@CTrace@ATL@@SAXPBDHIIPB_WPAD@Z 0040be10 f i stdafx.obj
 0001:0000afc0       ?_AtlInitializeCriticalSectionEx@ATL@@YAHPAU_RTL_CRITICAL_SECTION@@KK@Z 0040bfc0 f i stdafx.obj
 0001:0000b010       ?_AtlRaiseException@ATL@@YAXKK@Z 0040c010 f i stdafx.obj
 0001:0000b060       _HRESULT_FROM_WIN32        0040c060 f i stdafx.obj
 0001:0000b0c0       ___local_stdio_printf_options 0040c0c0 f i stdafx.obj
 0001:0000b0f0       __vswprintf_s_l            0040c0f0 f i stdafx.obj
 0001:0000b180       _swprintf_s                0040c180 f i stdafx.obj
 0001:0000b1e0       ?analyze_arp@@YAHPBEPAUdatapkt@@PAUpktcount@@@Z 0040c1e0 f   utilities.obj
 0001:0000b360       ?analyze_frame@@YAHPBEPAUdatapkt@@PAUpktcount@@@Z 0040c360 f   utilities.obj
 0001:0000b4e0       ?analyze_icmp6@@YAHPBEPAUdatapkt@@PAUpktcount@@@Z 0040c4e0 f   utilities.obj
 0001:0000b5f0       ?analyze_icmp@@YAHPBEPAUdatapkt@@PAUpktcount@@@Z 0040c5f0 f   utilities.obj
 0001:0000b6b0       ?analyze_ip6@@YAHPBEPAUdatapkt@@PAUpktcount@@@Z 0040c6b0 f   utilities.obj
 0001:0000b8b0       ?analyze_ip@@YAHPBEPAUdatapkt@@PAUpktcount@@@Z 0040c8b0 f   utilities.obj
 0001:0000bab0       ?analyze_tcp@@YAHPBEPAUdatapkt@@PAUpktcount@@@Z 0040cab0 f   utilities.obj
 0001:0000be30       ?analyze_udp@@YAHPBEPAUdatapkt@@PAUpktcount@@@Z 0040ce30 f   utilities.obj
 0001:0000bf30       ?print_packet_hex@@YAXPBEHPAV?$CStringT@_WV?$StrTraitMFC_DLL@_WV?$ChTraitsCRT@_W@ATL@@@@@ATL@@@Z 0040cf30 f   utilities.obj
 0001:0000c158       _pcap_open_live            0040d158 f   wpcap:wpcap.dll
 0001:0000c15e       _pcap_open_offline         0040d15e f   wpcap:wpcap.dll
 0001:0000c164       _pcap_close                0040d164 f   wpcap:wpcap.dll
 0001:0000c16a       _pcap_next_ex              0040d16a f   wpcap:wpcap.dll
 0001:0000c170       _pcap_setfilter            0040d170 f   wpcap:wpcap.dll
 0001:0000c176       _pcap_compile              0040d176 f   wpcap:wpcap.dll
 0001:0000c17c       _pcap_datalink             0040d17c f   wpcap:wpcap.dll
 0001:0000c182       _pcap_dump_open            0040d182 f   wpcap:wpcap.dll
 0001:0000c188       _pcap_dump                 0040d188 f   wpcap:wpcap.dll
 0001:0000c18e       _pcap_findalldevs          0040d18e f   wpcap:wpcap.dll
 0001:0000c194       _pcap_freealldevs          0040d194 f   wpcap:wpcap.dll
 0001:0000c19a       _inet_ntoa@4               0040d19a f   ws2_32:WS2_32.dll
 0001:0000c1a0       _ntohs@4                   0040d1a0 f   ws2_32:WS2_32.dll
 0001:0000c1a6       ?OnHelp@CWinApp@@IAEXXZ    0040d1a6 f   mfc140ud:mfc140ud.dll
 0001:0000c1ac       ?GetThisMessageMap@CWinApp@@KGPBUAFX_MSGMAP@@XZ 0040d1ac f   mfc140ud:mfc140ud.dll
 0001:0000c1b2       ??3CObject@@SGXPAX@Z       0040d1b2 f   mfc140ud:mfc140ud.dll
 0001:0000c1b8       ?Serialize@CObject@@UAEXAAVCArchive@@@Z 0040d1b8 f   mfc140ud:mfc140ud.dll
 0001:0000c1be       ??1CPtrList@@UAE@XZ        0040d1be f   mfc140ud:mfc140ud.dll
 0001:0000c1c4       ??1CBitmap@@UAE@XZ         0040d1c4 f   mfc140ud:mfc140ud.dll
 0001:0000c1ca       ?OnCmdMsg@CCmdTarget@@UAEHIHPAXPAUAFX_CMDHANDLERINFO@@@Z 0040d1ca f   mfc140ud:mfc140ud.dll
 0001:0000c1d0       ?OnFinalRelease@CCmdTarget@@UAEXXZ 0040d1d0 f   mfc140ud:mfc140ud.dll
 0001:0000c1d6       ?IsInvokeAllowed@CCmdTarget@@UAEHJ@Z 0040d1d6 f   mfc140ud:mfc140ud.dll
 0001:0000c1dc       ?GetDispatchIID@CCmdTarget@@UAEHPAU_GUID@@@Z 0040d1dc f   mfc140ud:mfc140ud.dll
 0001:0000c1e2       ?GetTypeInfoCount@CCmdTarget@@UAEIXZ 0040d1e2 f   mfc140ud:mfc140ud.dll
 0001:0000c1e8       ?GetTypeLibCache@CCmdTarget@@UAEPAVCTypeLibCache@@XZ 0040d1e8 f   mfc140ud:mfc140ud.dll
 0001:0000c1ee       ?GetTypeLib@CCmdTarget@@UAEJKPAPAUITypeLib@@@Z 0040d1ee f   mfc140ud:mfc140ud.dll
 0001:0000c1f4       ?GetCommandMap@CCmdTarget@@MBEPBUAFX_OLECMDMAP@@XZ 0040d1f4 f   mfc140ud:mfc140ud.dll
 0001:0000c1fa       ?GetDispatchMap@CCmdTarget@@MBEPBUAFX_DISPMAP@@XZ 0040d1fa f   mfc140ud:mfc140ud.dll
 0001:0000c200       ?GetConnectionMap@CCmdTarget@@MBEPBUAFX_CONNECTIONMAP@@XZ 0040d200 f   mfc140ud:mfc140ud.dll
 0001:0000c206       ?GetInterfaceMap@CCmdTarget@@MBEPBUAFX_INTERFACEMAP@@XZ 0040d206 f   mfc140ud:mfc140ud.dll
 0001:0000c20c       ?GetEventSinkMap@CCmdTarget@@MBEPBUAFX_EVENTSINKMAP@@XZ 0040d20c f   mfc140ud:mfc140ud.dll
 0001:0000c212       ?OnCreateAggregates@CCmdTarget@@UAEHXZ 0040d212 f   mfc140ud:mfc140ud.dll
 0001:0000c218       ?GetInterfaceHook@CCmdTarget@@UAEPAUIUnknown@@PBX@Z 0040d218 f   mfc140ud:mfc140ud.dll
 0001:0000c21e       ?GetExtraConnectionPoints@CCmdTarget@@MAEHPAVCPtrArray@@@Z 0040d21e f   mfc140ud:mfc140ud.dll
 0001:0000c224       ?GetConnectionHook@CCmdTarget@@MAEPAUIConnectionPoint@@ABU_GUID@@@Z 0040d224 f   mfc140ud:mfc140ud.dll
 0001:0000c22a       ?DoModal@CDialog@@UAEHXZ   0040d22a f   mfc140ud:mfc140ud.dll
 0001:0000c230       ??1CDialog@@UAE@XZ         0040d230 f   mfc140ud:mfc140ud.dll
 0001:0000c236       ??1CButton@@UAE@XZ         0040d236 f   mfc140ud:mfc140ud.dll
 0001:0000c23c       ??1CComboBox@@UAE@XZ       0040d23c f   mfc140ud:mfc140ud.dll
 0001:0000c242       ??1CEdit@@UAE@XZ           0040d242 f   mfc140ud:mfc140ud.dll
 0001:0000c248       ?PreTranslateMessage@CWinThread@@UAEHPAUtagMSG@@@Z 0040d248 f   mfc140ud:mfc140ud.dll
 0001:0000c24e       ?PumpMessage@CWinThread@@UAEHXZ 0040d24e f   mfc140ud:mfc140ud.dll
 0001:0000c254       ?IsIdleMessage@CWinThread@@UAEHPAUtagMSG@@@Z 0040d254 f   mfc140ud:mfc140ud.dll
 0001:0000c25a       ?ProcessMessageFilter@CWinThread@@UAEHHPAUtagMSG@@@Z 0040d25a f   mfc140ud:mfc140ud.dll
 0001:0000c260       ?GetMainWnd@CWinThread@@UAEPAVCWnd@@XZ 0040d260 f   mfc140ud:mfc140ud.dll
 0001:0000c266       ?Delete@CWinThread@@UAEXXZ 0040d266 f   mfc140ud:mfc140ud.dll
 0001:0000c26c       ?GetRuntimeClass@CWinApp@@UBEPAUCRuntimeClass@@XZ 0040d26c f   mfc140ud:mfc140ud.dll
 0001:0000c272       ??0CWinApp@@QAE@PB_W@Z     0040d272 f   mfc140ud:mfc140ud.dll
 0001:0000c278       ?SetRegistryKey@CWinApp@@IAEXPB_W@Z 0040d278 f   mfc140ud:mfc140ud.dll
 0001:0000c27e       ?GetProfileIntW@CWinApp@@UAEIPB_W0H@Z 0040d27e f   mfc140ud:mfc140ud.dll
 0001:0000c284       ?WriteProfileInt@CWinApp@@UAEHPB_W0H@Z 0040d284 f   mfc140ud:mfc140ud.dll
 0001:0000c28a       ?GetProfileStringW@CWinApp@@UAE?AV?$CStringT@_WV?$StrTraitMFC_DLL@_WV?$ChTraitsCRT@_W@ATL@@@@@ATL@@PB_W00@Z 0040d28a f   mfc140ud:mfc140ud.dll
 0001:0000c290       ?WriteProfileStringW@CWinApp@@UAEHPB_W00@Z 0040d290 f   mfc140ud:mfc140ud.dll
 0001:0000c296       ?GetProfileBinary@CWinApp@@UAEHPB_W0PAPAEPAI@Z 0040d296 f   mfc140ud:mfc140ud.dll
 0001:0000c29c       ?WriteProfileBinary@CWinApp@@UAEHPB_W0PAEI@Z 0040d29c f   mfc140ud:mfc140ud.dll
 0001:0000c2a2       ?InitLibId@CWinApp@@UAEXXZ 0040d2a2 f   mfc140ud:mfc140ud.dll
 0001:0000c2a8       ?Register@CWinApp@@UAEHXZ  0040d2a8 f   mfc140ud:mfc140ud.dll
 0001:0000c2ae       ?Unregister@CWinApp@@UAEHXZ 0040d2ae f   mfc140ud:mfc140ud.dll
 0001:0000c2b4       ?OpenDocumentFile@CWinApp@@UAEPAVCDocument@@PB_W@Z 0040d2b4 f   mfc140ud:mfc140ud.dll
 0001:0000c2ba       ?OpenDocumentFile@CWinApp@@UAEPAVCDocument@@PB_WH@Z 0040d2ba f   mfc140ud:mfc140ud.dll
 0001:0000c2c0       ?AddToRecentFileList@CWinApp@@UAEXPB_W@Z 0040d2c0 f   mfc140ud:mfc140ud.dll
 0001:0000c2c6       ?InitApplication@CWinApp@@UAEHXZ 0040d2c6 f   mfc140ud:mfc140ud.dll
 0001:0000c2cc       ?SaveAllModified@CWinApp@@UAEHXZ 0040d2cc f   mfc140ud:mfc140ud.dll
 0001:0000c2d2       ?DoMessageBox@CWinApp@@UAEHPB_WII@Z 0040d2d2 f   mfc140ud:mfc140ud.dll
 0001:0000c2d8       ?DoWaitCursor@CWinApp@@UAEXH@Z 0040d2d8 f   mfc140ud:mfc140ud.dll
 0001:0000c2de       ?OnDDECommand@CWinApp@@UAEHPA_W@Z 0040d2de f   mfc140ud:mfc140ud.dll
 0001:0000c2e4       ?WinHelpW@CWinApp@@UAEXKI@Z 0040d2e4 f   mfc140ud:mfc140ud.dll
 0001:0000c2ea       ?HtmlHelpW@CWinApp@@UAEXKI@Z 0040d2ea f   mfc140ud:mfc140ud.dll
 0001:0000c2f0       ?WinHelpInternal@CWinApp@@UAEXKI@Z 0040d2f0 f   mfc140ud:mfc140ud.dll
 0001:0000c2f6       ?RegisterWithRestartManager@CWinApp@@UAEJHABV?$CStringT@_WV?$StrTraitMFC_DLL@_WV?$ChTraitsCRT@_W@ATL@@@@@ATL@@@Z 0040d2f6 f   mfc140ud:mfc140ud.dll
 0001:0000c2fc       ?RegisterWithRestartManager@CWinApp@@UAEJPB_WKP6GKPAX@Z1KK@Z 0040d2fc f   mfc140ud:mfc140ud.dll
 0001:0000c302       ?ApplicationRecoveryCallback@CWinApp@@UAEKPAX@Z 0040d302 f   mfc140ud:mfc140ud.dll
 0001:0000c308       ?GetDataRecoveryHandler@CWinApp@@UAEPAVCDataRecoveryHandler@@XZ 0040d308 f   mfc140ud:mfc140ud.dll
 0001:0000c30e       ?IsTaskbarInteractionEnabled@CWinApp@@UAEHXZ 0040d30e f   mfc140ud:mfc140ud.dll
 0001:0000c314       ?InitInstance@CWinApp@@UAEHXZ 0040d314 f   mfc140ud:mfc140ud.dll
 0001:0000c31a       ?ExitInstance@CWinApp@@UAEHXZ 0040d31a f   mfc140ud:mfc140ud.dll
 0001:0000c320       ?RestartInstance@CWinApp@@UAEHXZ 0040d320 f   mfc140ud:mfc140ud.dll
 0001:0000c326       ?Run@CWinApp@@UAEHXZ       0040d326 f   mfc140ud:mfc140ud.dll
 0001:0000c32c       ?OnIdle@CWinApp@@UAEHJ@Z   0040d32c f   mfc140ud:mfc140ud.dll
 0001:0000c332       ?ProcessWndProcException@CWinApp@@UAEJPAVCException@@PBUtagMSG@@@Z 0040d332 f   mfc140ud:mfc140ud.dll
 0001:0000c338       ?LoadAppLangResourceDLL@CWinApp@@UAEPAUHINSTANCE__@@XZ 0040d338 f   mfc140ud:mfc140ud.dll
 0001:0000c33e       ??1CWinApp@@UAE@XZ         0040d33e f   mfc140ud:mfc140ud.dll
 0001:0000c344       ?AssertValid@CWinApp@@UBEXXZ 0040d344 f   mfc140ud:mfc140ud.dll
 0001:0000c34a       ?Dump@CWinApp@@UBEXAAVCDumpContext@@@Z 0040d34a f   mfc140ud:mfc140ud.dll
 0001:0000c350       ?LoadSysPolicies@CWinApp@@UAEHXZ 0040d350 f   mfc140ud:mfc140ud.dll
 0001:0000c356       ?AfxEnableControlContainer@@YAXPAVCOccManager@@@Z 0040d356 f   mfc140ud:mfc140ud.dll
 0001:0000c35c       ??1CListCtrl@@UAE@XZ       0040d35c f   mfc140ud:mfc140ud.dll
 0001:0000c362       ??1CTreeCtrl@@UAE@XZ       0040d362 f   mfc140ud:mfc140ud.dll
 0001:0000c368       ??3@YAXPAX@Z               0040d368 f   mfc140ud:mfc140ud.dll
 0001:0000c36e       ?GetThisMessageMap@CDialog@@KGPBUAFX_MSGMAP@@XZ 0040d36e f   mfc140ud:mfc140ud.dll
 0001:0000c374       ??B?$CSimpleStringT@_W$00@ATL@@QBEPB_WXZ 0040d374 f   mfc140ud:mfc140ud.dll
 0001:0000c37a       ?Empty@?$CSimpleStringT@_W$00@ATL@@QAEXXZ 0040d37a f   mfc140ud:mfc140ud.dll
 0001:0000c380       ?GetAt@?$CSimpleStringT@_W$00@ATL@@QBE_WH@Z 0040d380 f   mfc140ud:mfc140ud.dll
 0001:0000c386       ?GetLength@?$CSimpleStringT@_W$00@ATL@@QBEHXZ 0040d386 f   mfc140ud:mfc140ud.dll
 0001:0000c38c       ?IsEmpty@?$CSimpleStringT@_W$00@ATL@@QBE_NXZ 0040d38c f   mfc140ud:mfc140ud.dll
 0001:0000c392       ?StringLength@?$CSimpleStringT@_W$00@ATL@@SAHPB_W@Z 0040d392 f   mfc140ud:mfc140ud.dll
 0001:0000c398       ?Concatenate@?$CSimpleStringT@_W$00@ATL@@KAXAAV12@PB_WH1H@Z 0040d398 f   mfc140ud:mfc140ud.dll
 0001:0000c39e       ??0?$CStringT@_WV?$StrTraitMFC_DLL@_WV?$ChTraitsCRT@_W@ATL@@@@@ATL@@QAE@XZ 0040d39e f   mfc140ud:mfc140ud.dll
 0001:0000c3a4       ??0?$CStringT@_WV?$StrTraitMFC_DLL@_WV?$ChTraitsCRT@_W@ATL@@@@@ATL@@QAE@PAUIAtlStringMgr@1@@Z 0040d3a4 f   mfc140ud:mfc140ud.dll
 0001:0000c3aa       ??0?$CStringT@_WV?$StrTraitMFC_DLL@_WV?$ChTraitsCRT@_W@ATL@@@@@ATL@@QAE@ABV01@@Z 0040d3aa f   mfc140ud:mfc140ud.dll
 0001:0000c3b0       ??0?$CStringT@_WV?$StrTraitMFC_DLL@_WV?$ChTraitsCRT@_W@ATL@@@@@ATL@@QAE@PBD@Z 0040d3b0 f   mfc140ud:mfc140ud.dll
 0001:0000c3b6       ??1?$CStringT@_WV?$StrTraitMFC_DLL@_WV?$ChTraitsCRT@_W@ATL@@@@@ATL@@QAE@XZ 0040d3b6 f   mfc140ud:mfc140ud.dll
 0001:0000c3bc       ??4?$CStringT@_WV?$StrTraitMFC_DLL@_WV?$ChTraitsCRT@_W@ATL@@@@@ATL@@QAEAAV01@ABV01@@Z 0040d3bc f   mfc140ud:mfc140ud.dll
 0001:0000c3c2       ?GetManager@?$CStringT@_WV?$StrTraitMFC_DLL@_WV?$ChTraitsCRT@_W@ATL@@@@@ATL@@QBEPAUIAtlStringMgr@2@XZ 0040d3c2 f   mfc140ud:mfc140ud.dll
 0001:0000c3c8       ?Format@?$CStringT@_WV?$StrTraitMFC_DLL@_WV?$ChTraitsCRT@_W@ATL@@@@@ATL@@QAAXPB_WZZ 0040d3c8 f   mfc140ud:mfc140ud.dll
 0001:0000c3ce       ?AppendFormat@?$CStringT@_WV?$StrTraitMFC_DLL@_WV?$ChTraitsCRT@_W@ATL@@@@@ATL@@QAAXPB_WZZ 0040d3ce f   mfc140ud:mfc140ud.dll
 0001:0000c3d4       ?LoadStringW@?$CStringT@_WV?$StrTraitMFC_DLL@_WV?$ChTraitsCRT@_W@ATL@@@@@ATL@@QAEHI@Z 0040d3d4 f   mfc140ud:mfc140ud.dll
 0001:0000c3da       ??0CFileFind@@QAE@XZ       0040d3da f   mfc140ud:mfc140ud.dll
 0001:0000c3e0       ??1CFileFind@@UAE@XZ       0040d3e0 f   mfc140ud:mfc140ud.dll
 0001:0000c3e6       ?FindFile@CFileFind@@UAEHPB_WK@Z 0040d3e6 f   mfc140ud:mfc140ud.dll
 0001:0000c3ec       ??0CPtrList@@QAE@H@Z       0040d3ec f   mfc140ud:mfc140ud.dll
 0001:0000c3f2       ?GetCount@CPtrList@@QBEHXZ 0040d3f2 f   mfc140ud:mfc140ud.dll
 0001:0000c3f8       ?IsEmpty@CPtrList@@QBEHXZ  0040d3f8 f   mfc140ud:mfc140ud.dll
 0001:0000c3fe       ?AddTail@CPtrList@@QAEPAU__POSITION@@PAX@Z 0040d3fe f   mfc140ud:mfc140ud.dll
 0001:0000c404       ?RemoveAll@CPtrList@@QAEXXZ 0040d404 f   mfc140ud:mfc140ud.dll
 0001:0000c40a       ?GetAt@CPtrList@@QAEAAPAXPAU__POSITION@@@Z 0040d40a f   mfc140ud:mfc140ud.dll
 0001:0000c410       ?FindIndex@CPtrList@@QBEPAU__POSITION@@H@Z 0040d410 f   mfc140ud:mfc140ud.dll
 0001:0000c416       ?GetSafeHdc@CDC@@QBEPAUHDC__@@XZ 0040d416 f   mfc140ud:mfc140ud.dll
 0001:0000c41c       ?DrawIcon@CDC@@QAEHHHPAUHICON__@@@Z 0040d41c f   mfc140ud:mfc140ud.dll
 0001:0000c422       ??0CPaintDC@@QAE@PAVCWnd@@@Z 0040d422 f   mfc140ud:mfc140ud.dll
 0001:0000c428       ??1CPaintDC@@UAE@XZ        0040d428 f   mfc140ud:mfc140ud.dll
 0001:0000c42e       ?AppendMenuW@CMenu@@QAEHIIPB_W@Z 0040d42e f   mfc140ud:mfc140ud.dll
 0001:0000c434       ?DDX_Control@@YGXPAVCDataExchange@@HAAVCWnd@@@Z 0040d434 f   mfc140ud:mfc140ud.dll
 0001:0000c43a       ?PreSubclassWindow@CWnd@@UAEXXZ 0040d43a f   mfc140ud:mfc140ud.dll
 0001:0000c440       ?Create@CWnd@@UAEHPB_W0KABUtagRECT@@PAV1@IPAUCCreateContext@@@Z 0040d440 f   mfc140ud:mfc140ud.dll
 0001:0000c446       ?CreateEx@CWnd@@UAEHKPB_W0KHHHHPAUHWND__@@PAUHMENU__@@PAX@Z 0040d446 f   mfc140ud:mfc140ud.dll
 0001:0000c44c       ?CreateEx@CWnd@@UAEHKPB_W0KABUtagRECT@@PAV1@IPAX@Z 0040d44c f   mfc140ud:mfc140ud.dll
 0001:0000c452       ?DestroyWindow@CWnd@@UAEHXZ 0040d452 f   mfc140ud:mfc140ud.dll
 0001:0000c458       ?PreCreateWindow@CWnd@@UAEHAAUtagCREATESTRUCTW@@@Z 0040d458 f   mfc140ud:mfc140ud.dll
 0001:0000c45e       ?CalcWindowRect@CWnd@@UAEXPAUtagRECT@@I@Z 0040d45e f   mfc140ud:mfc140ud.dll
 0001:0000c464       ?SendMessageW@CWnd@@QBEJIIJ@Z 0040d464 f   mfc140ud:mfc140ud.dll
 0001:0000c46a       ?SetWindowTextW@CWnd@@QAEXPB_W@Z 0040d46a f   mfc140ud:mfc140ud.dll
 0001:0000c470       ?GetMenu@CWnd@@UBEPAVCMenu@@XZ 0040d470 f   mfc140ud:mfc140ud.dll
 0001:0000c476       ?SetMenu@CWnd@@UAEHPAVCMenu@@@Z 0040d476 f   mfc140ud:mfc140ud.dll
 0001:0000c47c       ?GetSystemMenu@CWnd@@QBEPAVCMenu@@H@Z 0040d47c f   mfc140ud:mfc140ud.dll
 0001:0000c482       ?IsIconic@CWnd@@QBEHXZ     0040d482 f   mfc140ud:mfc140ud.dll
 0001:0000c488       ?GetClientRect@CWnd@@QBEXPAUtagRECT@@@Z 0040d488 f   mfc140ud:mfc140ud.dll
 0001:0000c48e       ?ShowWindow@CWnd@@QAEHH@Z  0040d48e f   mfc140ud:mfc140ud.dll
 0001:0000c494       ?OnToolHitTest@CWnd@@UBEHVCPoint@@PAUtagTOOLINFOW@@@Z 0040d494 f   mfc140ud:mfc140ud.dll
 0001:0000c49a       ?EnableWindow@CWnd@@QAEHH@Z 0040d49a f   mfc140ud:mfc140ud.dll
 0001:0000c4a0       ?GetScrollBarCtrl@CWnd@@UBEPAVCScrollBar@@H@Z 0040d4a0 f   mfc140ud:mfc140ud.dll
 0001:0000c4a6       ?MessageBoxW@CWnd@@QAEHPB_W0I@Z 0040d4a6 f   mfc140ud:mfc140ud.dll
 0001:0000c4ac       ?SetIcon@CWnd@@QAEPAUHICON__@@PAU2@H@Z 0040d4ac f   mfc140ud:mfc140ud.dll
 0001:0000c4b2       ?WinHelpW@CWnd@@UAEXKI@Z   0040d4b2 f   mfc140ud:mfc140ud.dll
 0001:0000c4b8       ?HtmlHelpW@CWnd@@UAEXKI@Z  0040d4b8 f   mfc140ud:mfc140ud.dll
 0001:0000c4be       ?WinHelpInternal@CWnd@@UAEXKI@Z 0040d4be f   mfc140ud:mfc140ud.dll
 0001:0000c4c4       ?ContinueModal@CWnd@@UAEHXZ 0040d4c4 f   mfc140ud:mfc140ud.dll
 0001:0000c4ca       ?EndModalLoop@CWnd@@UAEXH@Z 0040d4ca f   mfc140ud:mfc140ud.dll
 0001:0000c4d0       ?OnDrawIconicThumbnailOrLivePreview@CWnd@@UAEXAAVCDC@@VCRect@@VCSize@@HAAH@Z 0040d4d0 f   mfc140ud:mfc140ud.dll
 0001:0000c4d6       ?GetInterfaceMap@CWnd@@MBEPBUAFX_INTERFACEMAP@@XZ 0040d4d6 f   mfc140ud:mfc140ud.dll
 0001:0000c4dc       ?EnsureStdObj@CWnd@@UAEJXZ 0040d4dc f   mfc140ud:mfc140ud.dll
 0001:0000c4e2       ?get_accParent@CWnd@@UAEJPAPAUIDispatch@@@Z 0040d4e2 f   mfc140ud:mfc140ud.dll
 0001:0000c4e8       ?get_accChildCount@CWnd@@UAEJPAJ@Z 0040d4e8 f   mfc140ud:mfc140ud.dll
 0001:0000c4ee       ?get_accChild@CWnd@@UAEJUtagVARIANT@@PAPAUIDispatch@@@Z 0040d4ee f   mfc140ud:mfc140ud.dll
 0001:0000c4f4       ?get_accName@CWnd@@UAEJUtagVARIANT@@PAPA_W@Z 0040d4f4 f   mfc140ud:mfc140ud.dll
 0001:0000c4fa       ?get_accValue@CWnd@@UAEJUtagVARIANT@@PAPA_W@Z 0040d4fa f   mfc140ud:mfc140ud.dll
 0001:0000c500       ?get_accDescription@CWnd@@UAEJUtagVARIANT@@PAPA_W@Z 0040d500 f   mfc140ud:mfc140ud.dll
 0001:0000c506       ?get_accRole@CWnd@@UAEJUtagVARIANT@@PAU2@@Z 0040d506 f   mfc140ud:mfc140ud.dll
 0001:0000c50c       ?get_accState@CWnd@@UAEJUtagVARIANT@@PAU2@@Z 0040d50c f   mfc140ud:mfc140ud.dll
 0001:0000c512       ?get_accHelp@CWnd@@UAEJUtagVARIANT@@PAPA_W@Z 0040d512 f   mfc140ud:mfc140ud.dll
 0001:0000c518       ?get_accHelpTopic@CWnd@@UAEJPAPA_WUtagVARIANT@@PAJ@Z 0040d518 f   mfc140ud:mfc140ud.dll
 0001:0000c51e       ?get_accKeyboardShortcut@CWnd@@UAEJUtagVARIANT@@PAPA_W@Z 0040d51e f   mfc140ud:mfc140ud.dll
 0001:0000c524       ?get_accFocus@CWnd@@UAEJPAUtagVARIANT@@@Z 0040d524 f   mfc140ud:mfc140ud.dll
 0001:0000c52a       ?get_accSelection@CWnd@@UAEJPAUtagVARIANT@@@Z 0040d52a f   mfc140ud:mfc140ud.dll
 0001:0000c530       ?get_accDefaultAction@CWnd@@UAEJUtagVARIANT@@PAPA_W@Z 0040d530 f   mfc140ud:mfc140ud.dll
 0001:0000c536       ?accSelect@CWnd@@UAEJJUtagVARIANT@@@Z 0040d536 f   mfc140ud:mfc140ud.dll
 0001:0000c53c       ?accLocation@CWnd@@UAEJPAJ000UtagVARIANT@@@Z 0040d53c f   mfc140ud:mfc140ud.dll
 0001:0000c542       ?accNavigate@CWnd@@UAEJJUtagVARIANT@@PAU2@@Z 0040d542 f   mfc140ud:mfc140ud.dll
 0001:0000c548       ?accHitTest@CWnd@@UAEJJJPAUtagVARIANT@@@Z 0040d548 f   mfc140ud:mfc140ud.dll
 0001:0000c54e       ?accDoDefaultAction@CWnd@@UAEJUtagVARIANT@@@Z 0040d54e f   mfc140ud:mfc140ud.dll
 0001:0000c554       ?put_accName@CWnd@@UAEJUtagVARIANT@@PA_W@Z 0040d554 f   mfc140ud:mfc140ud.dll
 0001:0000c55a       ?put_accValue@CWnd@@UAEJUtagVARIANT@@PA_W@Z 0040d55a f   mfc140ud:mfc140ud.dll
 0001:0000c560       ?SetProxy@CWnd@@UAEJPAUIAccessibleProxy@@@Z 0040d560 f   mfc140ud:mfc140ud.dll
 0001:0000c566       ?CreateAccessibleProxy@CWnd@@UAEJIJPAJ@Z 0040d566 f   mfc140ud:mfc140ud.dll
 0001:0000c56c       ?OnCommand@CWnd@@MAEHIJ@Z  0040d56c f   mfc140ud:mfc140ud.dll
 0001:0000c572       ?OnNotify@CWnd@@MAEHIJPAJ@Z 0040d572 f   mfc140ud:mfc140ud.dll
 0001:0000c578       ?OnSysCommand@CWnd@@IAEXIJ@Z 0040d578 f   mfc140ud:mfc140ud.dll
 0001:0000c57e       ?GetSuperWndProcAddr@CWnd@@MAEPAP6GJPAUHWND__@@IIJ@ZXZ 0040d57e f   mfc140ud:mfc140ud.dll
 0001:0000c584       ?DoDataExchange@CWnd@@MAEXPAVCDataExchange@@@Z 0040d584 f   mfc140ud:mfc140ud.dll
 0001:0000c58a       ?BeginModalState@CWnd@@UAEXXZ 0040d58a f   mfc140ud:mfc140ud.dll
 0001:0000c590       ?EndModalState@CWnd@@UAEXXZ 0040d590 f   mfc140ud:mfc140ud.dll
 0001:0000c596       ?OnAmbientProperty@CWnd@@UAEHPAVCOleControlSite@@JPAUtagVARIANT@@@Z 0040d596 f   mfc140ud:mfc140ud.dll
 0001:0000c59c       ?WindowProc@CWnd@@MAEJIIJ@Z 0040d59c f   mfc140ud:mfc140ud.dll
 0001:0000c5a2       ?OnWndMsg@CWnd@@MAEHIIJPAJ@Z 0040d5a2 f   mfc140ud:mfc140ud.dll
 0001:0000c5a8       ?DefWindowProcW@CWnd@@MAEJIIJ@Z 0040d5a8 f   mfc140ud:mfc140ud.dll
 0001:0000c5ae       ?PostNcDestroy@CWnd@@MAEXXZ 0040d5ae f   mfc140ud:mfc140ud.dll
 0001:0000c5b4       ?OnChildNotify@CWnd@@MAEHIIJPAJ@Z 0040d5b4 f   mfc140ud:mfc140ud.dll
 0001:0000c5ba       ?OnTouchInputs@CWnd@@MAEHIPAUtagTOUCHINPUT@@@Z 0040d5ba f   mfc140ud:mfc140ud.dll
 0001:0000c5c0       ?OnTouchInput@CWnd@@MAEHVCPoint@@HHPAUtagTOUCHINPUT@@@Z 0040d5c0 f   mfc140ud:mfc140ud.dll
 0001:0000c5c6       ?GetGestureStatus@CWnd@@MAEKVCPoint@@@Z 0040d5c6 f   mfc140ud:mfc140ud.dll
 0001:0000c5cc       ?OnGestureZoom@CWnd@@MAEHVCPoint@@J@Z 0040d5cc f   mfc140ud:mfc140ud.dll
 0001:0000c5d2       ?OnGesturePan@CWnd@@MAEHVCPoint@@0@Z 0040d5d2 f   mfc140ud:mfc140ud.dll
 0001:0000c5d8       ?OnGestureRotate@CWnd@@MAEHVCPoint@@N@Z 0040d5d8 f   mfc140ud:mfc140ud.dll
 0001:0000c5de       ?OnGestureTwoFingerTap@CWnd@@MAEHVCPoint@@@Z 0040d5de f   mfc140ud:mfc140ud.dll
 0001:0000c5e4       ?OnGesturePressAndTap@CWnd@@MAEHVCPoint@@J@Z 0040d5e4 f   mfc140ud:mfc140ud.dll
 0001:0000c5ea       ?ResizeDynamicLayout@CWnd@@MAEXXZ 0040d5ea f   mfc140ud:mfc140ud.dll
 0001:0000c5f0       ?IsFrameWnd@CWnd@@UBEHXZ   0040d5f0 f   mfc140ud:mfc140ud.dll
 0001:0000c5f6       ?OnFinalRelease@CWnd@@UAEXXZ 0040d5f6 f   mfc140ud:mfc140ud.dll
 0001:0000c5fc       ?CreateControlContainer@CWnd@@MAEHPAPAVCOleControlContainer@@@Z 0040d5fc f   mfc140ud:mfc140ud.dll
 0001:0000c602       ?CreateControlSite@CWnd@@MAEHPAVCOleControlContainer@@PAPAVCOleControlSite@@IABU_GUID@@@Z 0040d602 f   mfc140ud:mfc140ud.dll
 0001:0000c608       ?GetRuntimeClass@CDialog@@UBEPAUCRuntimeClass@@XZ 0040d608 f   mfc140ud:mfc140ud.dll
 0001:0000c60e       ?Create@CDialog@@UAEHPB_WPAVCWnd@@@Z 0040d60e f   mfc140ud:mfc140ud.dll
 0001:0000c614       ?Create@CDialog@@UAEHIPAVCWnd@@@Z 0040d614 f   mfc140ud:mfc140ud.dll
 0001:0000c61a       ?CreateIndirect@CDialog@@UAEHPBUDLGTEMPLATE@@PAVCWnd@@PAX@Z 0040d61a f   mfc140ud:mfc140ud.dll
 0001:0000c620       ?CreateIndirect@CDialog@@UAEHPAXPAVCWnd@@@Z 0040d620 f   mfc140ud:mfc140ud.dll
 0001:0000c626       ??0CDialog@@QAE@IPAVCWnd@@@Z 0040d626 f   mfc140ud:mfc140ud.dll
 0001:0000c62c       ?OnInitDialog@CDialog@@UAEHXZ 0040d62c f   mfc140ud:mfc140ud.dll
 0001:0000c632       ?OnSetFont@CDialog@@UAEXPAVCFont@@@Z 0040d632 f   mfc140ud:mfc140ud.dll
 0001:0000c638       ?OnOK@CDialog@@MAEXXZ      0040d638 f   mfc140ud:mfc140ud.dll
 0001:0000c63e       ?OnCancel@CDialog@@MAEXXZ  0040d63e f   mfc140ud:mfc140ud.dll
 0001:0000c644       ?AssertValid@CDialog@@UBEXXZ 0040d644 f   mfc140ud:mfc140ud.dll
 0001:0000c64a       ?Dump@CDialog@@UBEXAAVCDumpContext@@@Z 0040d64a f   mfc140ud:mfc140ud.dll
 0001:0000c650       ?PreTranslateMessage@CDialog@@UAEHPAUtagMSG@@@Z 0040d650 f   mfc140ud:mfc140ud.dll
 0001:0000c656       ?OnCmdMsg@CDialog@@UAEHIHPAXPAUAFX_CMDHANDLERINFO@@@Z 0040d656 f   mfc140ud:mfc140ud.dll
 0001:0000c65c       ?CheckAutoCenter@CDialog@@UAEHXZ 0040d65c f   mfc140ud:mfc140ud.dll
 0001:0000c662       ?SetOccDialogInfo@CDialog@@MAEHPAU_AFX_OCC_DIALOG_INFO@@@Z 0040d662 f   mfc140ud:mfc140ud.dll
 0001:0000c668       ?GetOccDialogInfo@CDialog@@MAEPAU_AFX_OCC_DIALOG_INFO@@XZ 0040d668 f   mfc140ud:mfc140ud.dll
 0001:0000c66e       ?PreInitDialog@CDialog@@MAEXXZ 0040d66e f   mfc140ud:mfc140ud.dll
 0001:0000c674       ?OnPaint@CDialog@@IAEXXZ   0040d674 f   mfc140ud:mfc140ud.dll
 0001:0000c67a       ??0CButton@@QAE@XZ         0040d67a f   mfc140ud:mfc140ud.dll
 0001:0000c680       ??0CComboBox@@QAE@XZ       0040d680 f   mfc140ud:mfc140ud.dll
 0001:0000c686       ?GetCurSel@CComboBox@@QBEHXZ 0040d686 f   mfc140ud:mfc140ud.dll
 0001:0000c68c       ?SetCurSel@CComboBox@@QAEHH@Z 0040d68c f   mfc140ud:mfc140ud.dll
 0001:0000c692       ?GetLBText@CComboBox@@QBEXHAAV?$CStringT@_WV?$StrTraitMFC_DLL@_WV?$ChTraitsCRT@_W@ATL@@@@@ATL@@@Z 0040d692 f   mfc140ud:mfc140ud.dll
 0001:0000c698       ?AddString@CComboBox@@QAEHPB_W@Z 0040d698 f   mfc140ud:mfc140ud.dll
 0001:0000c69e       ??0CEdit@@QAE@XZ           0040d69e f   mfc140ud:mfc140ud.dll
 0001:0000c6a4       ?AfxGetApp@@YGPAVCWinApp@@XZ 0040d6a4 f   mfc140ud:mfc140ud.dll
 0001:0000c6aa       ?LoadIconW@CWinApp@@QBEPAUHICON__@@I@Z 0040d6aa f   mfc140ud:mfc140ud.dll
 0001:0000c6b0       ?GetOFN@CFileDialog@@QAEAAUtagOFNW@@XZ 0040d6b0 f   mfc140ud:mfc140ud.dll
 0001:0000c6b6       ??0CFileDialog@@QAE@HPB_W0K0PAVCWnd@@KH@Z 0040d6b6 f   mfc140ud:mfc140ud.dll
 0001:0000c6bc       ??1CFileDialog@@UAE@XZ     0040d6bc f   mfc140ud:mfc140ud.dll
 0001:0000c6c2       ?DoModal@CFileDialog@@UAEHXZ 0040d6c2 f   mfc140ud:mfc140ud.dll
 0001:0000c6c8       ?GetPathName@CFileDialog@@QBE?AV?$CStringT@_WV?$StrTraitMFC_DLL@_WV?$ChTraitsCRT@_W@ATL@@@@@ATL@@XZ 0040d6c8 f   mfc140ud:mfc140ud.dll
 0001:0000c6ce       ??0CBitmapButton@@QAE@XZ   0040d6ce f   mfc140ud:mfc140ud.dll
 0001:0000c6d4       ??0CListCtrl@@QAE@XZ       0040d6d4 f   mfc140ud:mfc140ud.dll
 0001:0000c6da       ?SetItemText@CListCtrl@@QAEHHHPB_W@Z 0040d6da f   mfc140ud:mfc140ud.dll
 0001:0000c6e0       ?GetHotItem@CListCtrl@@QBEHXZ 0040d6e0 f   mfc140ud:mfc140ud.dll
 0001:0000c6e6       ?SetExtendedStyle@CListCtrl@@QAEKK@Z 0040d6e6 f   mfc140ud:mfc140ud.dll
 0001:0000c6ec       ?InsertItem@CListCtrl@@QAEHHPB_W@Z 0040d6ec f   mfc140ud:mfc140ud.dll
 0001:0000c6f2       ?DeleteAllItems@CListCtrl@@QAEHXZ 0040d6f2 f   mfc140ud:mfc140ud.dll
 0001:0000c6f8       ?InsertColumn@CListCtrl@@QAEHHPB_WHHH@Z 0040d6f8 f   mfc140ud:mfc140ud.dll
 0001:0000c6fe       ??0CTreeCtrl@@QAE@XZ       0040d6fe f   mfc140ud:mfc140ud.dll
 0001:0000c704       ?GetRootItem@CTreeCtrl@@QBEPAU_TREEITEM@@XZ 0040d704 f   mfc140ud:mfc140ud.dll
 0001:0000c70a       ?InsertItem@CTreeCtrl@@QAEPAU_TREEITEM@@PB_WPAU2@1@Z 0040d70a f   mfc140ud:mfc140ud.dll
 0001:0000c710       ?DeleteAllItems@CTreeCtrl@@QAEHXZ 0040d710 f   mfc140ud:mfc140ud.dll
 0001:0000c716       ?Append@?$CSimpleStringT@_W$00@ATL@@QAEXPB_W@Z 0040d716 f   mfc140ud:mfc140ud.dll
 0001:0000c720       ??1CComBSTR@ATL@@QAE@XZ    0040d720 f i mfcs140ud:nolib.obj
 0001:0000c760       ??1stringdispid@CComTypeInfoHolder@ATL@@QAE@XZ 0040d760 f i mfcs140ud:nolib.obj
 0001:0000c790       ??_Estringdispid@CComTypeInfoHolder@ATL@@QAEPAXI@Z 0040d790 f i mfcs140ud:nolib.obj
 0001:0000c850       _IsolationAwareActivateActCtx@8 0040d850 f i mfcs140ud:nolib.obj
 0001:0000c8f0       _IsolationAwareCreateActCtxW@4 0040d8f0 f i mfcs140ud:nolib.obj
 0001:0000c990       _IsolationAwareDeactivateActCtx@8 0040d990 f i mfcs140ud:nolib.obj
 0001:0000ca30       _IsolationAwareFindActCtxSectionStringW@20 0040da30 f i mfcs140ud:nolib.obj
 0001:0000cae0       _IsolationAwarePrivatenPgViNgRzlnPgpgk@4 0040dae0 f i mfcs140ud:nolib.obj
 0001:0000cbc0       _IsolationAwarePrivatezltRgCebPnQQeRff@12 0040dbc0 f i mfcs140ud:nolib.obj
 0001:0000cc70       _IsolationAwarePrivatezltRgzbQhYRuNaQYRJ@4 0040dc70 f i mfcs140ud:nolib.obj
 0001:0000cca0       _IsolationAwarePrivatezltRgzbQhYRuNaQYRn@4 0040dca0 f i mfcs140ud:nolib.obj
 0001:0000ccd0       _IsolationAwareQueryActCtxW@28 0040dcd0 f i mfcs140ud:nolib.obj
 0001:0000cd80       _IsolationAwareUnregisterClassW@8 0040dd80 f i mfcs140ud:nolib.obj
 0001:0000cf20       _WinbaseIsolationAwarePrivatetRgCebPnQQeRff_xReaRYQP_QYY@4 0040df20 f i mfcs140ud:nolib.obj
 0001:0000cf60       _WinbaseIsolationAwarePrivatetRgzlnPgpgk@0 0040df60 f i mfcs140ud:nolib.obj
 0001:0000d5e0       ?configure_argv@__scrt_wide_argv_policy@@SAHXZ 0040e5e0 f i msvcrtd:exe_wwinmain.obj
 0001:0000d600       ?initialize_environment@__scrt_wide_environment_policy@@SAHXZ 0040e600 f i msvcrtd:exe_wwinmain.obj
 0001:0000d650       ?set_app_type@__scrt_winmain_policy@@SAXXZ 0040e650 f i msvcrtd:exe_wwinmain.obj
 0001:0000d660       ?set_commode@__scrt_file_policy@@SAXXZ 0040e660 f i msvcrtd:exe_wwinmain.obj
 0001:0000d680       ?set_fmode@__scrt_file_policy@@SAXXZ 0040e680 f i msvcrtd:exe_wwinmain.obj
 0001:0000d6a0       _wWinMainCRTStartup        0040e6a0 f   msvcrtd:exe_wwinmain.obj
 0001:0000d6b0       ?configure_argv@__scrt_narrow_argv_policy@@SAHXZ 0040e6b0 f i msvcrtd:utility.obj
 0001:0000d760       ?initialize_environment@__scrt_narrow_environment_policy@@SAHXZ 0040e760 f i msvcrtd:utility.obj
 0001:0000d7e0       _NtCurrentTeb              0040e7e0 f i msvcrtd:utility.obj
 0001:0000d7f0       ___scrt_acquire_startup_lock 0040e7f0 f   msvcrtd:utility.obj
 0001:0000d840       ___scrt_dllmain_after_initialize_c 0040e840 f   msvcrtd:utility.obj
 0001:0000d870       ___scrt_dllmain_before_initialize_c 0040e870 f   msvcrtd:utility.obj
 0001:0000d890       ___scrt_dllmain_crt_thread_attach 0040e890 f   msvcrtd:utility.obj
 0001:0000d8c0       ___scrt_dllmain_crt_thread_detach 0040e8c0 f   msvcrtd:utility.obj
 0001:0000d8e0       ___scrt_dllmain_exception_filter 0040e8e0 f   msvcrtd:utility.obj
 0001:0000d930       ___scrt_dllmain_uninitialize_c 0040e930 f   msvcrtd:utility.obj
 0001:0000d960       ___scrt_dllmain_uninitialize_critical 0040e960 f   msvcrtd:utility.obj
 0001:0000d980       ___scrt_initialize_crt     0040e980 f   msvcrtd:utility.obj
 0001:0000d9d0       ___scrt_initialize_onexit_tables 0040e9d0 f   msvcrtd:utility.obj
 0001:0000dab0       ___scrt_is_nonwritable_in_current_image 0040eab0 f   msvcrtd:utility.obj
 0001:0000dbe0       ___scrt_release_startup_lock 0040ebe0 f   msvcrtd:utility.obj
 0001:0000dc10       ___scrt_uninitialize_crt   0040ec10 f   msvcrtd:utility.obj
 0001:0000dc50       __onexit                   0040ec50 f   msvcrtd:utility.obj
 0001:0000dcc0       _at_quick_exit             0040ecc0 f   msvcrtd:utility.obj
 0001:0000dd00       _atexit                    0040ed00 f   msvcrtd:utility.obj
 0001:0000dd30       @_RTC_AllocaHelper@12      0040ed30 f   msvcrtd:stack.obj
 0001:0000dd70       @_RTC_CheckStackVars2@12   0040ed70 f   msvcrtd:stack.obj
 0001:0000de50       @_RTC_CheckStackVars@8     0040ee50 f   msvcrtd:stack.obj
 0001:0000deb0       __RTC_CheckEsp             0040eeb0 f   msvcrtd:stack.obj
 0001:0000def0       @__security_check_cookie@4 0040eef0 f   msvcrtd:secchk.obj
 0001:0000df10       __CRT_RTC_INIT             0040ef10 f   msvcrtd:init.obj
 0001:0000df20       __CRT_RTC_INITW            0040ef20 f   msvcrtd:init.obj
 0001:0000df30       __RTC_InitBase             0040ef30 f   msvcrtd:init.obj
 0001:0000df60       __RTC_Shutdown             0040ef60 f   msvcrtd:init.obj
 0001:0000df80       __chkstk                   0040ef80 f   msvcrtd:chkstk.obj
 0001:0000df80       __alloca_probe             0040ef80 f   msvcrtd:chkstk.obj
 0001:0000dfb0       ??1type_info@@UAE@XZ       0040efb0 f   msvcrtd:std_type_info_static.obj
 0001:0000dfd0       ??_Etype_info@@UAEPAXI@Z   0040efd0 f i msvcrtd:std_type_info_static.obj
 0001:0000dfd0       ??_Gtype_info@@UAEPAXI@Z   0040efd0 f i msvcrtd:std_type_info_static.obj
 0001:0000e090       ?_RTC_AllocaFailure@@YAXPAXPAU_RTC_ALLOCA_NODE@@H@Z 0040f090 f   msvcrtd:error.obj
 0001:0000e180       ?_RTC_Failure@@YAXPAXH@Z   0040f180 f   msvcrtd:error.obj
 0001:0000e1d0       ?_RTC_StackFailure@@YAXPAXPBD@Z 0040f1d0 f   msvcrtd:error.obj
 0001:0000e590       __RTC_UninitUse            0040f590 f   msvcrtd:error.obj
 0001:0000e640       __vsprintf_s_l             0040f640 f i msvcrtd:error.obj
 0001:0000e670       _sprintf_s                 0040f670 f i msvcrtd:error.obj
 0001:0000e690       ??3@YAXPAXI@Z              0040f690 f   msvcrtd:delete_scalar_size.obj
 0001:0000e7d0       __Init_thread_abort        0040f7d0 f   msvcrtd:thread_safe_statics.obj
 0001:0000e7f0       __Init_thread_footer       0040f7f0 f   msvcrtd:thread_safe_statics.obj
 0001:0000e840       __Init_thread_header       0040f840 f   msvcrtd:thread_safe_statics.obj
 0001:0000e8b0       __Init_thread_lock         0040f8b0 f   msvcrtd:thread_safe_statics.obj
 0001:0000e8c0       __Init_thread_notify       0040f8c0 f   msvcrtd:thread_safe_statics.obj
 0001:0000e910       __Init_thread_unlock       0040f910 f   msvcrtd:thread_safe_statics.obj
 0001:0000e920       __Init_thread_wait         0040f920 f   msvcrtd:thread_safe_statics.obj
 0001:0000e9b0       ??_M@YGXPAXIHP6EX0@Z@Z     0040f9b0 f   msvcrtd:ehvecdtr.obj
 0001:0000e9d0       ??_M@YGXPAXIIP6EX0@Z@Z     0040f9d0 f   msvcrtd:ehvecdtr.obj
 0001:0000eaf0       ?__ArrayUnwind@@YGXPAXIIP6EX0@Z@Z 0040faf0 f   msvcrtd:ehvecdtr.obj
 0001:0000eba0       ??_V@YAXPAXI@Z             0040fba0 f   msvcrtd:delete_array_size.obj
 0001:0000ebc0       __except_handler4          0040fbc0 f   msvcrtd:chandler4gs.obj
 0001:0000ec00       @_guard_check_icall_nop@4  0040fc00 f i msvcrtd:guard_support.obj
 0001:0000ec10       _ReadNoFence               0040fc10 f i msvcrtd:guard_support.obj
 0001:0000ec30       _ReadPointerNoFence        0040fc30 f i msvcrtd:guard_support.obj
 0001:0000ec50       __guard_icall_checks_enforced 0040fc50 f i msvcrtd:guard_support.obj
 0001:0000ecf0       ___security_init_cookie    0040fcf0 f   msvcrtd:gs_support.obj
 0001:0000ed70       __matherr                  0040fd70 f   msvcrtd:matherr.obj
 0001:0000ed80       __get_startup_argv_mode    0040fd80 f   msvcrtd:argv_mode.obj
 0001:0000ed90       __get_startup_commit_mode  0040fd90 f   msvcrtd:commit_mode.obj
 0001:0000eda0       __get_startup_file_mode    0040fda0 f   msvcrtd:file_mode.obj
 0001:0000edb0       __get_startup_new_mode     0040fdb0 f   msvcrtd:new_mode.obj
 0001:0000edc0       __get_startup_thread_locale_mode 0040fdc0 f   msvcrtd:thread_locale.obj
 0001:0000edd0       ?__scrt_initialize_type_info@@YAXXZ 0040fdd0 f   msvcrtd:tncleanup.obj
 0001:0000ede0       ?__scrt_uninitialize_type_info@@YAXXZ 0040fde0 f   msvcrtd:tncleanup.obj
 0001:0000ee00       __should_initialize_environment 0040fe00 f   msvcrtd:env_mode.obj
 0001:0000ee10       __initialize_default_precision 0040fe10 f   msvcrtd:default_precision.obj
 0001:0000ee40       __initialize_invalid_parameter_handler 0040fe40 f   msvcrtd:invalid_parameter_handler.obj
 0001:0000ee50       __initialize_denormal_control 0040fe50 f   msvcrtd:denormal_control.obj
 0001:0000ee60       ___local_stdio_scanf_options 0040fe60 f i msvcrtd:default_local_stdio_options.obj
 0001:0000ee70       ___scrt_initialize_default_local_stdio_options 0040fe70 f   msvcrtd:default_local_stdio_options.obj
 0001:0000eeb0       ___scrt_is_user_matherr_present 0040feb0 f   msvcrtd:matherr_detection.obj
 0001:0000eee0       ___scrt_get_dyn_tls_init_callback 0040fee0 f   msvcrtd:dyn_tls_init.obj
 0001:0000eef0       ___scrt_get_dyn_tls_dtor_callback 0040fef0 f   msvcrtd:dyn_tls_dtor.obj
 0001:0000ef00       ___scrt_fastfail           0040ff00 f   msvcrtd:utility_desktop.obj
 0001:0000f040       ___scrt_get_show_window_mode 00410040 f   msvcrtd:utility_desktop.obj
 0001:0000f080       ___scrt_initialize_mta     00410080 f   msvcrtd:utility_desktop.obj
 0001:0000f090       ___scrt_initialize_winrt   00410090 f   msvcrtd:utility_desktop.obj
 0001:0000f0a0       ___scrt_is_managed_app     004100a0 f   msvcrtd:utility_desktop.obj
 0001:0000f130       ___scrt_set_unhandled_exception_filter 00410130 f   msvcrtd:utility_desktop.obj
 0001:0000f140       ___scrt_exe_initialize_mta 00410140 f   msvcrtd:utility_desktop.obj
 0001:0000f140       ___scrt_stub_for_initialize_mta 00410140 f   msvcrtd:utility_desktop.obj
 0001:0000f150       ___scrt_unhandled_exception_filter@4 00410150 f   msvcrtd:utility_desktop.obj
 0001:0000f1d0       __crt_debugger_hook        004101d0 f   msvcrtd:utility_desktop.obj
 0001:0000f1e0       __RTC_Initialize           004101e0 f   msvcrtd:initsect.obj
 0001:0000f210       __RTC_Terminate            00410210 f   msvcrtd:initsect.obj
 0001:0000f240       ___isa_available_init      00410240 f   msvcrtd:cpu_disp.obj
 0001:0000f580       ___scrt_is_ucrt_dll_in_use 00410580 f   msvcrtd:ucrt_detection.obj
 0001:0000f5b0       ___raise_securityfailure   004105b0 f   msvcrtd:gs_report.obj
 0001:0000f5e0       ___report_gsfailure        004105e0 f   msvcrtd:gs_report.obj
 0001:0000f6f0       ___report_rangecheckfailure 004106f0 f   msvcrtd:gs_report.obj
 0001:0000f700       ___report_securityfailure  00410700 f   msvcrtd:gs_report.obj
 0001:0000f7e0       ___report_securityfailureEx 004107e0 f   msvcrtd:gs_report.obj
 0001:0000f910       ?_RTC_GetErrorFunc@@YAP6AHHPBDH00ZZPBX@Z 00410910 f   msvcrtd:userapi.obj
 0001:0000f920       ?_RTC_GetErrorFuncW@@YAP6AHHPB_WH00ZZPBX@Z 00410920 f   msvcrtd:userapi.obj
 0001:0000f930       __RTC_GetErrDesc           00410930 f   msvcrtd:userapi.obj
 0001:0000f950       __RTC_NumErrors            00410950 f   msvcrtd:userapi.obj
 0001:0000f960       __RTC_SetErrorFunc         00410960 f   msvcrtd:userapi.obj
 0001:0000f980       __RTC_SetErrorFuncW        00410980 f   msvcrtd:userapi.obj
 0001:0000f9a0       __RTC_SetErrorType         004109a0 f   msvcrtd:userapi.obj
 0001:0000fe50       ?_RTC_GetSrcLine@@YAHPAEPA_WKPAH1K@Z 00410e50 f   msvcrtd:pdblkup.obj
 0001:000101d0       __except_handler4_noexcept 004111d0 f   msvcrtd:chandler4_noexcept.obj
 0001:00010230       ??_V@YAXPAX@Z              00411230 f   msvcrtd:delete_array.obj
 0001:00010241       _CreateDirectoryW@8        00411241 f   kernel32:KERNEL32.dll
 0001:00010247       _GetLastError@0            00411247 f   kernel32:KERNEL32.dll
 0001:0001024d       _CreateThread@24           0041124d f   kernel32:KERNEL32.dll
 0001:00010253       _TerminateThread@8         00411253 f   kernel32:KERNEL32.dll
 0001:00010259       _CopyFileW@12              00411259 f   kernel32:KERNEL32.dll
 0001:0001025f       _DecodePointer@4           0041125f f   kernel32:KERNEL32.dll
 0001:00010265       _RaiseException@16         00411265 f   kernel32:KERNEL32.dll
 0001:0001026b       _SetLastError@4            0041126b f   kernel32:KERNEL32.dll
 0001:00010271       _HeapDestroy@4             00411271 f   kernel32:KERNEL32.dll
 0001:00010277       _HeapAlloc@12              00411277 f   kernel32:KERNEL32.dll
 0001:0001027d       _HeapReAlloc@16            0041127d f   kernel32:KERNEL32.dll
 0001:00010283       _HeapFree@12               00411283 f   kernel32:KERNEL32.dll
 0001:00010289       _HeapSize@12               00411289 f   kernel32:KERNEL32.dll
 0001:0001028f       _GetProcessHeap@0          0041128f f   kernel32:KERNEL32.dll
 0001:00010295       _InitializeCriticalSectionEx@12 00411295 f   kernel32:KERNEL32.dll
 0001:0001029b       _DeleteCriticalSection@4   0041129b f   kernel32:KERNEL32.dll
 0001:000102a1       _OutputDebugStringA@4      004112a1 f   kernel32:KERNEL32.dll
 0001:000102a7       _InitializeCriticalSectionAndSpinCount@8 004112a7 f   kernel32:KERNEL32.dll
 0001:000102ad       _GetModuleFileNameW@12     004112ad f   kernel32:KERNEL32.dll
 0001:000102b3       _GetModuleHandleA@4        004112b3 f   kernel32:KERNEL32.dll
 0001:000102b9       _GetModuleHandleW@4        004112b9 f   kernel32:KERNEL32.dll
 0001:000102bf       _GetProcAddress@8          004112bf f   kernel32:KERNEL32.dll
 0001:000102c5       _LoadLibraryW@4            004112c5 f   kernel32:KERNEL32.dll
 0001:000102cb       _IsDebuggerPresent@0       004112cb f   kernel32:KERNEL32.dll
 0001:000102d1       _MultiByteToWideChar@24    004112d1 f   kernel32:KERNEL32.dll
 0001:000102d7       _WideCharToMultiByte@32    004112d7 f   kernel32:KERNEL32.dll
 0001:000102dd       _CloseHandle@4             004112dd f   kernel32:KERNEL32.dll
 0001:000102e3       _EnterCriticalSection@4    004112e3 f   kernel32:KERNEL32.dll
 0001:000102e9       _LeaveCriticalSection@4    004112e9 f   kernel32:KERNEL32.dll
 0001:000102ef       _SetEvent@4                004112ef f   kernel32:KERNEL32.dll
 0001:000102f5       _ResetEvent@4              004112f5 f   kernel32:KERNEL32.dll
 0001:000102fb       _WaitForSingleObjectEx@12  004112fb f   kernel32:KERNEL32.dll
 0001:00010301       _CreateEventW@16           00411301 f   kernel32:KERNEL32.dll
 0001:00010307       _QueryPerformanceCounter@4 00411307 f   kernel32:KERNEL32.dll
 0001:0001030d       _GetCurrentProcessId@0     0041130d f   kernel32:KERNEL32.dll
 0001:00010313       _GetCurrentThreadId@0      00411313 f   kernel32:KERNEL32.dll
 0001:00010319       _GetSystemTimeAsFileTime@4 00411319 f   kernel32:KERNEL32.dll
 0001:0001031f       _InitializeSListHead@4     0041131f f   kernel32:KERNEL32.dll
 0001:00010325       _UnhandledExceptionFilter@4 00411325 f   kernel32:KERNEL32.dll
 0001:0001032b       _SetUnhandledExceptionFilter@4 0041132b f   kernel32:KERNEL32.dll
 0001:00010331       _GetStartupInfoW@4         00411331 f   kernel32:KERNEL32.dll
 0001:00010337       _IsProcessorFeaturePresent@4 00411337 f   kernel32:KERNEL32.dll
 0001:0001033d       _GetCurrentProcess@0       0041133d f   kernel32:KERNEL32.dll
 0001:00010343       _TerminateProcess@8        00411343 f   kernel32:KERNEL32.dll
 0001:00010349       _VirtualQuery@12           00411349 f   kernel32:KERNEL32.dll
 0001:0001034f       _FreeLibrary@4             0041134f f   kernel32:KERNEL32.dll
 0001:00010355       _GetSystemMetrics@4        00411355 f   user32:USER32.dll
 0001:0001035b       _MessageBoxW@16            0041135b f   user32:USER32.dll
 0001:00010361       _UnregisterClassW@8        00411361 f   user32:USER32.dll
 0001:00010367       _InitCommonControlsEx@4    00411367 f   comctl32:COMCTL32.dll
 0001:0001036d       ??$?2PAUHINSTANCE__@@@Wrapper@?$CSimpleArray@PAUHINSTANCE__@@V?$CSimpleArrayEqualHelper@PAUHINSTANCE__@@@ATL@@@ATL@@SAPAXIPAPAUHINSTANCE__@@@Z 0041136d f i atls:atlbase.obj
 0001:00010375       ??0?$CComCritSecLock@VCComCriticalSection@ATL@@@ATL@@QAE@AAVCComCriticalSection@1@_N@Z 00411375 f i atls:atlbase.obj
 0001:0001039c       ??0?$CSimpleArray@PAUHINSTANCE__@@V?$CSimpleArrayEqualHelper@PAUHINSTANCE__@@@ATL@@@ATL@@QAE@XZ 0041139c f i atls:atlbase.obj
 0001:000103a9       ??0CAtlBaseModule@ATL@@QAE@XZ 004113a9 f   atls:atlbase.obj
 0001:000103fc       ??0Wrapper@?$CSimpleArray@PAUHINSTANCE__@@V?$CSimpleArrayEqualHelper@PAUHINSTANCE__@@@ATL@@@ATL@@QAE@ABQAUHINSTANCE__@@@Z 004113fc f i atls:atlbase.obj
 0001:0001040c       ??0_ATL_BASE_MODULE70@ATL@@QAE@XZ 0041140c f i atls:atlbase.obj
 0001:0001042f       ??1?$CComCritSecLock@VCComCriticalSection@ATL@@@ATL@@QAE@XZ 0041142f f i atls:atlbase.obj
 0001:00010446       ??1?$CSimpleArray@PAUHINSTANCE__@@V?$CSimpleArrayEqualHelper@PAUHINSTANCE__@@@ATL@@@ATL@@QAE@XZ 00411446 f i atls:atlbase.obj
 0001:0001044b       ??1CAtlBaseModule@ATL@@QAE@XZ 0041144b f   atls:atlbase.obj
 0001:00010461       ??1_ATL_BASE_MODULE70@ATL@@QAE@XZ 00411461 f i atls:atlbase.obj
 0001:00010469       ??A?$CSimpleArray@PAUHINSTANCE__@@V?$CSimpleArrayEqualHelper@PAUHINSTANCE__@@@ATL@@@ATL@@QAEAAPAUHINSTANCE__@@H@Z 00411469 f i atls:atlbase.obj
 0001:0001048e       ?Add@?$CSimpleArray@PAUHINSTANCE__@@V?$CSimpleArrayEqualHelper@PAUHINSTANCE__@@@ATL@@@ATL@@QAEHABQAUHINSTANCE__@@@Z 0041148e f i atls:atlbase.obj
 0001:00010510       ?AddResourceInstance@CAtlBaseModule@ATL@@QAE_NPAUHINSTANCE__@@@Z 00411510 f   atls:atlbase.obj
 0001:00010543       ?AtlCrtErrorCheck@ATL@@YAHH@Z 00411543 f i atls:atlbase.obj
 0001:0001057e       ?AtlThrowImpl@ATL@@YGXJ@Z  0041157e f i atls:atlbase.obj
 0001:0001059f       ?GetHInstanceAt@CAtlBaseModule@ATL@@QAEPAUHINSTANCE__@@H@Z 0041159f f   atls:atlbase.obj
 0001:000105e4       ?GetSize@?$CSimpleArray@PAUHINSTANCE__@@V?$CSimpleArrayEqualHelper@PAUHINSTANCE__@@@ATL@@@ATL@@QBEHXZ 004115e4 f i atls:atlbase.obj
 0001:000105e8       ?InternalSetAtIndex@?$CSimpleArray@PAUHINSTANCE__@@V?$CSimpleArrayEqualHelper@PAUHINSTANCE__@@@ATL@@@ATL@@QAEXHABQAUHINSTANCE__@@@Z 004115e8 f i atls:atlbase.obj
 0001:00010602       ?Lock@?$CComCritSecLock@VCComCriticalSection@ATL@@@ATL@@QAEJXZ 00411602 f i atls:atlbase.obj
 0001:00010615       ?Lock@CComCriticalSection@ATL@@QAEJXZ 00411615 f i atls:atlbase.obj
 0001:0001061f       ?RemoveAll@?$CSimpleArray@PAUHINSTANCE__@@V?$CSimpleArrayEqualHelper@PAUHINSTANCE__@@@ATL@@@ATL@@QAEXXZ 0041161f f i atls:atlbase.obj
 0001:0001063c       ?RemoveAt@?$CSimpleArray@PAUHINSTANCE__@@V?$CSimpleArrayEqualHelper@PAUHINSTANCE__@@@ATL@@@ATL@@QAEHH@Z 0041163c f i atls:atlbase.obj
 0001:0001068a       ?RemoveResourceInstance@CAtlBaseModule@ATL@@QAE_NPAUHINSTANCE__@@@Z 0041168a f   atls:atlbase.obj
 0001:000106e7       ?Unlock@?$CComCritSecLock@VCComCriticalSection@ATL@@@ATL@@QAEXXZ 004116e7 f i atls:atlbase.obj
 0001:000106f8       ?Unlock@CComCriticalSection@ATL@@QAEJXZ 004116f8 f i atls:atlbase.obj
 0001:00010702       ?memmove_s@Checked@ATL@@YAXPAXIPBXI@Z 00411702 f i atls:atlbase.obj
 0001:0001079f       ??_I@YGXPAXIIP6EX0@Z@Z     0041179f f i atls:stdafx.obj
 0001:000107d2       _SysFreeString@4           004117d2 f   oleaut32:OLEAUT32.dll
 0001:000107d8       ___CxxFrameHandler3        004117d8 f   vcruntimed:VCRUNTIME140D.dll
 0001:000107de       _memcpy                    004117de f   vcruntimed:VCRUNTIME140D.dll
 0001:000107e4       _memset                    004117e4 f   vcruntimed:VCRUNTIME140D.dll
 0001:000107ea       ___current_exception       004117ea f   vcruntimed:VCRUNTIME140D.dll
 0001:000107f0       ___current_exception_context 004117f0 f   vcruntimed:VCRUNTIME140D.dll
 0001:000107f6       __except_handler4_common   004117f6 f   vcruntimed:VCRUNTIME140D.dll
 0001:000107fc       ___std_type_info_destroy_list 004117fc f   vcruntimed:VCRUNTIME140D.dll
 0001:00010802       ___vcrt_GetModuleFileNameW 00411802 f   vcruntimed:VCRUNTIME140D.dll
 0001:00010808       ___vcrt_GetModuleHandleW   00411808 f   vcruntimed:VCRUNTIME140D.dll
 0001:0001080e       ___vcrt_LoadLibraryExW     0041180e f   vcruntimed:VCRUNTIME140D.dll
 0001:00010814       _memmove                   00411814 f   vcruntimed:VCRUNTIME140D.dll
 0001:0001081a       _wcscpy_s                  0041181a f   ucrtd:ucrtbased.dll
 0001:00010820       _strcat                    00411820 f   ucrtd:ucrtbased.dll
 0001:00010826       _strcmp                    00411826 f   ucrtd:ucrtbased.dll
 0001:0001082c       _strcpy                    0041182c f   ucrtd:ucrtbased.dll
 0001:00010832       _malloc                    00411832 f   ucrtd:ucrtbased.dll
 0001:00010838       __localtime64              00411838 f   ucrtd:ucrtbased.dll
 0001:0001083e       _strftime                  0041183e f   ucrtd:ucrtbased.dll
 0001:00010844       __time64                   00411844 f   ucrtd:ucrtbased.dll
 0001:0001084a       __CrtDbgReportW            0041184a f   ucrtd:ucrtbased.dll
 0001:00010850       _wcslen                    00411850 f   ucrtd:ucrtbased.dll
 0001:00010856       ___stdio_common_vswprintf  00411856 f   ucrtd:ucrtbased.dll
 0001:0001085c       ___stdio_common_vswprintf_s 0041185c f   ucrtd:ucrtbased.dll
 0001:00010862       ___stdio_common_vsnwprintf_s 00411862 f   ucrtd:ucrtbased.dll
 0001:00010868       _free                      00411868 f   ucrtd:ucrtbased.dll
 0001:0001086e       _isprint                   0041186e f   ucrtd:ucrtbased.dll
 0001:00010874       __seh_filter_exe           00411874 f   ucrtd:ucrtbased.dll
 0001:0001087a       __set_app_type             0041187a f   ucrtd:ucrtbased.dll
 0001:00010880       ___setusermatherr          00411880 f   ucrtd:ucrtbased.dll
 0001:00010886       __configure_wide_argv      00411886 f   ucrtd:ucrtbased.dll
 0001:0001088c       __initialize_wide_environment 0041188c f   ucrtd:ucrtbased.dll
 0001:00010892       __get_wide_winmain_command_line 00411892 f   ucrtd:ucrtbased.dll
 0001:00010898       __initterm                 00411898 f   ucrtd:ucrtbased.dll
 0001:0001089e       __initterm_e               0041189e f   ucrtd:ucrtbased.dll
 0001:000108a4       _exit                      004118a4 f   ucrtd:ucrtbased.dll
 0001:000108aa       __exit                     004118aa f   ucrtd:ucrtbased.dll
 0001:000108b0       __set_fmode                004118b0 f   ucrtd:ucrtbased.dll
 0001:000108b6       __cexit                    004118b6 f   ucrtd:ucrtbased.dll
 0001:000108bc       __c_exit                   004118bc f   ucrtd:ucrtbased.dll
 0001:000108c2       __register_thread_local_exe_atexit_callback 004118c2 f   ucrtd:ucrtbased.dll
 0001:000108c8       __configthreadlocale       004118c8 f   ucrtd:ucrtbased.dll
 0001:000108ce       __set_new_mode             004118ce f   ucrtd:ucrtbased.dll
 0001:000108d4       ___p__commode              004118d4 f   ucrtd:ucrtbased.dll
 0001:000108da       __seh_filter_dll           004118da f   ucrtd:ucrtbased.dll
 0001:000108e0       __configure_narrow_argv    004118e0 f   ucrtd:ucrtbased.dll
 0001:000108e6       __initialize_narrow_environment 004118e6 f   ucrtd:ucrtbased.dll
 0001:000108ec       __initialize_onexit_table  004118ec f   ucrtd:ucrtbased.dll
 0001:000108f2       __register_onexit_function 004118f2 f   ucrtd:ucrtbased.dll
 0001:000108f8       __execute_onexit_table     004118f8 f   ucrtd:ucrtbased.dll
 0001:000108fe       __crt_atexit               004118fe f   ucrtd:ucrtbased.dll
 0001:00010904       __crt_at_quick_exit        00411904 f   ucrtd:ucrtbased.dll
 0001:0001090a       __CrtDbgReport             0041190a f   ucrtd:ucrtbased.dll
 0001:00010910       _strcpy_s                  00411910 f   ucrtd:ucrtbased.dll
 0001:00010916       _strcat_s                  00411916 f   ucrtd:ucrtbased.dll
 0001:0001091c       ___stdio_common_vsprintf_s 0041191c f   ucrtd:ucrtbased.dll
 0001:00010922       _terminate                 00411922 f   ucrtd:ucrtbased.dll
 0001:00010928       __controlfp_s              00411928 f   ucrtd:ucrtbased.dll
 0001:0001092e       __wmakepath_s              0041192e f   ucrtd:ucrtbased.dll
 0001:00010934       __wsplitpath_s             00411934 f   ucrtd:ucrtbased.dll
 0001:0001093a       __invalid_parameter_noinfo 0041193a f   ucrtd:ucrtbased.dll
 0001:00010940       __errno                    00411940 f   ucrtd:ucrtbased.dll
 0001:00010946       __recalloc                 00411946 f   ucrtd:ucrtbased.dll
 0001:00010950       ?AfxAssertFailedLine@@YGHPBDH@Z 00411950 f i mfcs140ud:appmodul.obj
 0001:00010a00       ?AfxInitialize@@YGHHK@Z    00411a00 f   mfcs140ud:appmodul.obj
 0001:00010a60       _wWinMain@16               00411a60 f   mfcs140ud:appmodul.obj
 0001:00010a83       _OutputDebugStringW@4      00411a83 f   kernel32:KERNEL32.dll
 0001:00010a89       _PeekMessageW@20           00411a89 f   user32:USER32.dll
 0001:00010a8f       _PostQuitMessage@4         00411a8f f   user32:USER32.dll
 0001:00010a95       ?AfxGetModuleState@@YGPAVAFX_MODULE_STATE@@XZ 00411a95 f   mfc140ud:mfc140ud.dll
 0001:00010a9b       ?AfxWinMain@@YGHPAUHINSTANCE__@@0PA_WH@Z 00411a9b f   mfc140ud:mfc140ud.dll
 0001:00010ab0       ___scrt_stub_for_acrt_initialize 00411ab0 f   msvcrtd:ucrt_stubs.obj
 0001:00010ab0       ___acrt_initialize         00411ab0 f   msvcrtd:ucrt_stubs.obj
 0001:00010ab0       ___vcrt_initialize         00411ab0 f   msvcrtd:ucrt_stubs.obj
 0001:00010ac0       ___scrt_stub_for_acrt_thread_attach 00411ac0 f   msvcrtd:ucrt_stubs.obj
 0001:00010ac0       ___acrt_thread_attach      00411ac0 f   msvcrtd:ucrt_stubs.obj
 0001:00010ac0       ___vcrt_thread_attach      00411ac0 f   msvcrtd:ucrt_stubs.obj
 0001:00010ad0       ___acrt_thread_detach      00411ad0 f   msvcrtd:ucrt_stubs.obj
 0001:00010ad0       ___vcrt_thread_detach      00411ad0 f   msvcrtd:ucrt_stubs.obj
 0001:00010ad0       ___scrt_stub_for_acrt_thread_detach 00411ad0 f   msvcrtd:ucrt_stubs.obj
 0001:00010ae0       ___acrt_uninitialize       00411ae0 f   msvcrtd:ucrt_stubs.obj
 0001:00010ae0       ___vcrt_uninitialize       00411ae0 f   msvcrtd:ucrt_stubs.obj
 0001:00010ae0       ___scrt_stub_for_acrt_uninitialize 00411ae0 f   msvcrtd:ucrt_stubs.obj
 0001:00010af0       ___acrt_uninitialize_critical 00411af0 f   msvcrtd:ucrt_stubs.obj
 0001:00010af0       ___vcrt_uninitialize_critical 00411af0 f   msvcrtd:ucrt_stubs.obj
 0001:00010af0       ___scrt_stub_for_acrt_uninitialize_critical 00411af0 f   msvcrtd:ucrt_stubs.obj
 0001:00010b00       __is_c_termination_complete 00411b00 f   msvcrtd:ucrt_stubs.obj
 0001:00010b00       ___scrt_stub_for_is_c_termination_complete 00411b00 f   msvcrtd:ucrt_stubs.obj
 0001:00010b10       __filter_x86_sse2_floating_point_exception 00411b10 f   msvcrtd:x86_exception_filter.obj
 0001:00010b10       __filter_x86_sse2_floating_point_exception_default 00411b10 f   msvcrtd:x86_exception_filter.obj
 0001:00011450       ??__FstrHeap@?1??GetInstance@CAtlStringMgr@ATL@@SAPAUIAtlStringMgr@2@XZ@YAXXZ 00412450 f i stdafx.obj
 0001:00011490       ??__FstrMgr@?1??GetInstance@CAtlStringMgr@ATL@@SAPAUIAtlStringMgr@2@XZ@YAXXZ 00412490 f i stdafx.obj
 0002:00000000       __imp__InitCommonControlsEx@4 00413000     comctl32:COMCTL32.dll
 0002:00000004       \177COMCTL32_NULL_THUNK_DATA 00413004     comctl32:COMCTL32.dll
 0002:00000008       __imp__CreateThread@24     00413008     kernel32:KERNEL32.dll
 0002:0000000c       __imp__TerminateThread@8   0041300c     kernel32:KERNEL32.dll
 0002:00000010       __imp__OutputDebugStringW@4 00413010     kernel32:KERNEL32.dll
 0002:00000014       __imp__CopyFileW@12        00413014     kernel32:KERNEL32.dll
 0002:00000018       __imp__DecodePointer@4     00413018     kernel32:KERNEL32.dll
 0002:0000001c       __imp__GetLastError@0      0041301c     kernel32:KERNEL32.dll
 0002:00000020       __imp__SetLastError@4      00413020     kernel32:KERNEL32.dll
 0002:00000024       __imp__HeapDestroy@4       00413024     kernel32:KERNEL32.dll
 0002:00000028       __imp__HeapAlloc@12        00413028     kernel32:KERNEL32.dll
 0002:0000002c       __imp__HeapReAlloc@16      0041302c     kernel32:KERNEL32.dll
 0002:00000030       __imp__HeapFree@12         00413030     kernel32:KERNEL32.dll
 0002:00000034       __imp__HeapSize@12         00413034     kernel32:KERNEL32.dll
 0002:00000038       __imp__RaiseException@16   00413038     kernel32:KERNEL32.dll
 0002:0000003c       __imp__QueryPerformanceCounter@4 0041303c     kernel32:KERNEL32.dll
 0002:00000040       __imp__GetProcessHeap@0    00413040     kernel32:KERNEL32.dll
 0002:00000044       __imp__InitializeCriticalSectionEx@12 00413044     kernel32:KERNEL32.dll
 0002:00000048       __imp__DeleteCriticalSection@4 00413048     kernel32:KERNEL32.dll
 0002:0000004c       __imp__OutputDebugStringA@4 0041304c     kernel32:KERNEL32.dll
 0002:00000050       __imp__InitializeCriticalSectionAndSpinCount@8 00413050     kernel32:KERNEL32.dll
 0002:00000054       __imp__FreeLibrary@4       00413054     kernel32:KERNEL32.dll
 0002:00000058       __imp__VirtualQuery@12     00413058     kernel32:KERNEL32.dll
 0002:0000005c       __imp__TerminateProcess@8  0041305c     kernel32:KERNEL32.dll
 0002:00000060       __imp__GetCurrentProcess@0 00413060     kernel32:KERNEL32.dll
 0002:00000064       __imp__IsProcessorFeaturePresent@4 00413064     kernel32:KERNEL32.dll
 0002:00000068       __imp__GetStartupInfoW@4   00413068     kernel32:KERNEL32.dll
 0002:0000006c       __imp__SetUnhandledExceptionFilter@4 0041306c     kernel32:KERNEL32.dll
 0002:00000070       __imp__UnhandledExceptionFilter@4 00413070     kernel32:KERNEL32.dll
 0002:00000074       __imp__InitializeSListHead@4 00413074     kernel32:KERNEL32.dll
 0002:00000078       __imp__GetSystemTimeAsFileTime@4 00413078     kernel32:KERNEL32.dll
 0002:0000007c       __imp__GetCurrentThreadId@0 0041307c     kernel32:KERNEL32.dll
 0002:00000080       __imp__GetCurrentProcessId@0 00413080     kernel32:KERNEL32.dll
 0002:00000084       __imp__CreateDirectoryW@8  00413084     kernel32:KERNEL32.dll
 0002:00000088       __imp__CreateEventW@16     00413088     kernel32:KERNEL32.dll
 0002:0000008c       __imp__WaitForSingleObjectEx@12 0041308c     kernel32:KERNEL32.dll
 0002:00000090       __imp__ResetEvent@4        00413090     kernel32:KERNEL32.dll
 0002:00000094       __imp__SetEvent@4          00413094     kernel32:KERNEL32.dll
 0002:00000098       __imp__LeaveCriticalSection@4 00413098     kernel32:KERNEL32.dll
 0002:0000009c       __imp__EnterCriticalSection@4 0041309c     kernel32:KERNEL32.dll
 0002:000000a0       __imp__CloseHandle@4       004130a0     kernel32:KERNEL32.dll
 0002:000000a4       __imp__WideCharToMultiByte@32 004130a4     kernel32:KERNEL32.dll
 0002:000000a8       __imp__MultiByteToWideChar@24 004130a8     kernel32:KERNEL32.dll
 0002:000000ac       __imp__IsDebuggerPresent@0 004130ac     kernel32:KERNEL32.dll
 0002:000000b0       __imp__LoadLibraryW@4      004130b0     kernel32:KERNEL32.dll
 0002:000000b4       __imp__GetProcAddress@8    004130b4     kernel32:KERNEL32.dll
 0002:000000b8       __imp__GetModuleHandleW@4  004130b8     kernel32:KERNEL32.dll
 0002:000000bc       __imp__GetModuleHandleA@4  004130bc     kernel32:KERNEL32.dll
 0002:000000c0       __imp__GetModuleFileNameW@12 004130c0     kernel32:KERNEL32.dll
 0002:000000c4       \177KERNEL32_NULL_THUNK_DATA 004130c4     kernel32:KERNEL32.dll
 0002:000000c8       __imp__SysFreeString@4     004130c8     oleaut32:OLEAUT32.dll
 0002:000000cc       \177OLEAUT32_NULL_THUNK_DATA 004130cc     oleaut32:OLEAUT32.dll
 0002:000000d0       __imp__PeekMessageW@20     004130d0     user32:USER32.dll
 0002:000000d4       __imp__UnregisterClassW@8  004130d4     user32:USER32.dll
 0002:000000d8       __imp__MessageBoxW@16      004130d8     user32:USER32.dll
 0002:000000dc       __imp__GetSystemMetrics@4  004130dc     user32:USER32.dll
 0002:000000e0       __imp__PostQuitMessage@4   004130e0     user32:USER32.dll
 0002:000000e4       \177USER32_NULL_THUNK_DATA 004130e4     user32:USER32.dll
 0002:000000e8       __imp____vcrt_GetModuleHandleW 004130e8     vcruntimed:VCRUNTIME140D.dll
 0002:000000ec       __imp____vcrt_LoadLibraryExW 004130ec     vcruntimed:VCRUNTIME140D.dll
 0002:000000f0       __imp__memmove             004130f0     vcruntimed:VCRUNTIME140D.dll
 0002:000000f4       __imp____CxxFrameHandler3  004130f4     vcruntimed:VCRUNTIME140D.dll
 0002:000000f8       __imp____vcrt_GetModuleFileNameW 004130f8     vcruntimed:VCRUNTIME140D.dll
 0002:000000fc       __imp____std_type_info_destroy_list 004130fc     vcruntimed:VCRUNTIME140D.dll
 0002:00000100       __imp___except_handler4_common 00413100     vcruntimed:VCRUNTIME140D.dll
 0002:00000104       __imp__memcpy              00413104     vcruntimed:VCRUNTIME140D.dll
 0002:00000108       __imp____current_exception 00413108     vcruntimed:VCRUNTIME140D.dll
 0002:0000010c       __imp____current_exception_context 0041310c     vcruntimed:VCRUNTIME140D.dll
 0002:00000110       __imp__memset              00413110     vcruntimed:VCRUNTIME140D.dll
 0002:00000114       \177VCRUNTIME140D_NULL_THUNK_DATA 00413114     vcruntimed:VCRUNTIME140D.dll
 0002:00000118       __imp__ntohs@4             00413118     ws2_32:WS2_32.dll
 0002:0000011c       __imp__inet_ntoa@4         0041311c     ws2_32:WS2_32.dll
 0002:00000120       \177WS2_32_NULL_THUNK_DATA 00413120     ws2_32:WS2_32.dll
 0002:00000124       __imp_?ApplicationRecoveryCallback@CWinApp@@UAEKPAX@Z 00413124     mfc140ud:mfc140ud.dll
 0002:00000128       __imp_?GetDataRecoveryHandler@CWinApp@@UAEPAVCDataRecoveryHandler@@XZ 00413128     mfc140ud:mfc140ud.dll
 0002:0000012c       __imp_?IsTaskbarInteractionEnabled@CWinApp@@UAEHXZ 0041312c     mfc140ud:mfc140ud.dll
 0002:00000130       __imp_?InitInstance@CWinApp@@UAEHXZ 00413130     mfc140ud:mfc140ud.dll
 0002:00000134       __imp_?ExitInstance@CWinApp@@UAEHXZ 00413134     mfc140ud:mfc140ud.dll
 0002:00000138       __imp_?RestartInstance@CWinApp@@UAEHXZ 00413138     mfc140ud:mfc140ud.dll
 0002:0000013c       __imp_?Run@CWinApp@@UAEHXZ 0041313c     mfc140ud:mfc140ud.dll
 0002:00000140       __imp_?OnIdle@CWinApp@@UAEHJ@Z 00413140     mfc140ud:mfc140ud.dll
 0002:00000144       __imp_?ProcessWndProcException@CWinApp@@UAEJPAVCException@@PBUtagMSG@@@Z 00413144     mfc140ud:mfc140ud.dll
 0002:00000148       __imp_?LoadAppLangResourceDLL@CWinApp@@UAEPAUHINSTANCE__@@XZ 00413148     mfc140ud:mfc140ud.dll
 0002:0000014c       __imp_??1CWinApp@@UAE@XZ   0041314c     mfc140ud:mfc140ud.dll
 0002:00000150       __imp_?AssertValid@CWinApp@@UBEXXZ 00413150     mfc140ud:mfc140ud.dll
 0002:00000154       __imp_?Dump@CWinApp@@UBEXAAVCDumpContext@@@Z 00413154     mfc140ud:mfc140ud.dll
 0002:00000158       __imp_?LoadSysPolicies@CWinApp@@UAEHXZ 00413158     mfc140ud:mfc140ud.dll
 0002:0000015c       __imp_?AfxEnableControlContainer@@YAXPAVCOccManager@@@Z 0041315c     mfc140ud:mfc140ud.dll
 0002:00000160       __imp_??1CListCtrl@@UAE@XZ 00413160     mfc140ud:mfc140ud.dll
 0002:00000164       __imp_??1CTreeCtrl@@UAE@XZ 00413164     mfc140ud:mfc140ud.dll
 0002:00000168       __imp_??3@YAXPAX@Z         00413168     mfc140ud:mfc140ud.dll
 0002:0000016c       __imp_?GetThisMessageMap@CDialog@@KGPBUAFX_MSGMAP@@XZ 0041316c     mfc140ud:mfc140ud.dll
 0002:00000170       __imp_??B?$CSimpleStringT@_W$00@ATL@@QBEPB_WXZ 00413170     mfc140ud:mfc140ud.dll
 0002:00000174       __imp_?Empty@?$CSimpleStringT@_W$00@ATL@@QAEXXZ 00413174     mfc140ud:mfc140ud.dll
 0002:00000178       __imp_?GetAt@?$CSimpleStringT@_W$00@ATL@@QBE_WH@Z 00413178     mfc140ud:mfc140ud.dll
 0002:0000017c       __imp_?GetLength@?$CSimpleStringT@_W$00@ATL@@QBEHXZ 0041317c     mfc140ud:mfc140ud.dll
 0002:00000180       __imp_?IsEmpty@?$CSimpleStringT@_W$00@ATL@@QBE_NXZ 00413180     mfc140ud:mfc140ud.dll
 0002:00000184       __imp_?StringLength@?$CSimpleStringT@_W$00@ATL@@SAHPB_W@Z 00413184     mfc140ud:mfc140ud.dll
 0002:00000188       __imp_?Concatenate@?$CSimpleStringT@_W$00@ATL@@KAXAAV12@PB_WH1H@Z 00413188     mfc140ud:mfc140ud.dll
 0002:0000018c       __imp_??0?$CStringT@_WV?$StrTraitMFC_DLL@_WV?$ChTraitsCRT@_W@ATL@@@@@ATL@@QAE@XZ 0041318c     mfc140ud:mfc140ud.dll
 0002:00000190       __imp_??0?$CStringT@_WV?$StrTraitMFC_DLL@_WV?$ChTraitsCRT@_W@ATL@@@@@ATL@@QAE@PAUIAtlStringMgr@1@@Z 00413190     mfc140ud:mfc140ud.dll
 0002:00000194       __imp_??0?$CStringT@_WV?$StrTraitMFC_DLL@_WV?$ChTraitsCRT@_W@ATL@@@@@ATL@@QAE@ABV01@@Z 00413194     mfc140ud:mfc140ud.dll
 0002:00000198       __imp_??0?$CStringT@_WV?$StrTraitMFC_DLL@_WV?$ChTraitsCRT@_W@ATL@@@@@ATL@@QAE@PBD@Z 00413198     mfc140ud:mfc140ud.dll
 0002:0000019c       __imp_??1?$CStringT@_WV?$StrTraitMFC_DLL@_WV?$ChTraitsCRT@_W@ATL@@@@@ATL@@QAE@XZ 0041319c     mfc140ud:mfc140ud.dll
 0002:000001a0       __imp_??4?$CStringT@_WV?$StrTraitMFC_DLL@_WV?$ChTraitsCRT@_W@ATL@@@@@ATL@@QAEAAV01@ABV01@@Z 004131a0     mfc140ud:mfc140ud.dll
 0002:000001a4       __imp_?GetManager@?$CStringT@_WV?$StrTraitMFC_DLL@_WV?$ChTraitsCRT@_W@ATL@@@@@ATL@@QBEPAUIAtlStringMgr@2@XZ 004131a4     mfc140ud:mfc140ud.dll
 0002:000001a8       __imp_?Format@?$CStringT@_WV?$StrTraitMFC_DLL@_WV?$ChTraitsCRT@_W@ATL@@@@@ATL@@QAAXPB_WZZ 004131a8     mfc140ud:mfc140ud.dll
 0002:000001ac       __imp_?AppendFormat@?$CStringT@_WV?$StrTraitMFC_DLL@_WV?$ChTraitsCRT@_W@ATL@@@@@ATL@@QAAXPB_WZZ 004131ac     mfc140ud:mfc140ud.dll
 0002:000001b0       __imp_?LoadStringW@?$CStringT@_WV?$StrTraitMFC_DLL@_WV?$ChTraitsCRT@_W@ATL@@@@@ATL@@QAEHI@Z 004131b0     mfc140ud:mfc140ud.dll
 0002:000001b4       __imp_??0CFileFind@@QAE@XZ 004131b4     mfc140ud:mfc140ud.dll
 0002:000001b8       __imp_??1CFileFind@@UAE@XZ 004131b8     mfc140ud:mfc140ud.dll
 0002:000001bc       __imp_?FindFile@CFileFind@@UAEHPB_WK@Z 004131bc     mfc140ud:mfc140ud.dll
 0002:000001c0       __imp_??0CPtrList@@QAE@H@Z 004131c0     mfc140ud:mfc140ud.dll
 0002:000001c4       __imp_?GetCount@CPtrList@@QBEHXZ 004131c4     mfc140ud:mfc140ud.dll
[...]
 0001:00010f56       __unwindfunclet$?lixsinff_CapThread@@YGKPAX@Z$3 00411f56 f   mcf6Dlg.obj
 0001:00010f68       __unwindfunclet$?lixsinff_CapThread@@YGKPAX@Z$4 00411f68 f   mcf6Dlg.obj
 0001:00010f7d       __unwindfunclet$?lixsinff_CapThread@@YGKPAX@Z$5 00411f7d f   mcf6Dlg.obj
 0001:00010f92       __unwindfunclet$?lixsinff_CapThread@@YGKPAX@Z$6 00411f92 f   mcf6Dlg.obj
 0001:00010fa7       __ehhandler$?lixsinff_CapThread@@YGKPAX@Z 00411fa7 f   mcf6Dlg.obj
 0001:00010fd0       __unwindfunclet$?lixsniff_readFile@Cmcf6Dlg@@QAEHV?$CStringT@_WV?$StrTraitMFC_DLL@_WV?$ChTraitsCRT@_W@ATL@@@@@ATL@@@Z$0 00411fd0 f   mcf6Dlg.obj
 0001:00010fe2       __unwindfunclet$?lixsniff_readFile@Cmcf6Dlg@@QAEHV?$CStringT@_WV?$StrTraitMFC_DLL@_WV?$ChTraitsCRT@_W@ATL@@@@@ATL@@@Z$1 00411fe2 f   mcf6Dlg.obj
 0001:00010ff4       __unwindfunclet$?lixsniff_readFile@Cmcf6Dlg@@QAEHV?$CStringT@_WV?$StrTraitMFC_DLL@_WV?$ChTraitsCRT@_W@ATL@@@@@ATL@@@Z$2 00411ff4 f   mcf6Dlg.obj
 0001:00011006       __unwindfunclet$?lixsniff_readFile@Cmcf6Dlg@@QAEHV?$CStringT@_WV?$StrTraitMFC_DLL@_WV?$ChTraitsCRT@_W@ATL@@@@@ATL@@@Z$3 00412006 f   mcf6Dlg.obj
 0001:00011018       __unwindfunclet$?lixsniff_readFile@Cmcf6Dlg@@QAEHV?$CStringT@_WV?$StrTraitMFC_DLL@_WV?$ChTraitsCRT@_W@ATL@@@@@ATL@@@Z$4 00412018 f   mcf6Dlg.obj
 0001:0001102a       __unwindfunclet$?lixsniff_readFile@Cmcf6Dlg@@QAEHV?$CStringT@_WV?$StrTraitMFC_DLL@_WV?$ChTraitsCRT@_W@ATL@@@@@ATL@@@Z$5 0041202a f   mcf6Dlg.obj
 0001:0001103f       __unwindfunclet$?lixsniff_readFile@Cmcf6Dlg@@QAEHV?$CStringT@_WV?$StrTraitMFC_DLL@_WV?$ChTraitsCRT@_W@ATL@@@@@ATL@@@Z$6 0041203f f   mcf6Dlg.obj
 0001:00011054       __unwindfunclet$?lixsniff_readFile@Cmcf6Dlg@@QAEHV?$CStringT@_WV?$StrTraitMFC_DLL@_WV?$ChTraitsCRT@_W@ATL@@@@@ATL@@@Z$7 00412054 f   mcf6Dlg.obj
 0001:00011069       __unwindfunclet$?lixsniff_readFile@Cmcf6Dlg@@QAEHV?$CStringT@_WV?$StrTraitMFC_DLL@_WV?$ChTraitsCRT@_W@ATL@@@@@ATL@@@Z$8 00412069 f   mcf6Dlg.obj
 0001:0001107e       __unwindfunclet$?lixsniff_readFile@Cmcf6Dlg@@QAEHV?$CStringT@_WV?$StrTraitMFC_DLL@_WV?$ChTraitsCRT@_W@ATL@@@@@ATL@@@Z$9 0041207e f   mcf6Dlg.obj
 0001:00011093       __ehhandler$?lixsniff_readFile@Cmcf6Dlg@@QAEHV?$CStringT@_WV?$StrTraitMFC_DLL@_WV?$ChTraitsCRT@_W@ATL@@@@@ATL@@@Z 00412093 f   mcf6Dlg.obj
 0001:000110c0       __unwindfunclet$?lixsniff_saveFile@Cmcf6Dlg@@QAEHXZ$0 004120c0 f   mcf6Dlg.obj
 0001:000110c8       __unwindfunclet$?lixsniff_saveFile@Cmcf6Dlg@@QAEHXZ$1 004120c8 f   mcf6Dlg.obj
 0001:000110dd       __unwindfunclet$?lixsniff_saveFile@Cmcf6Dlg@@QAEHXZ$2 004120dd f   mcf6Dlg.obj
 0001:000110e8       __unwindfunclet$?lixsniff_saveFile@Cmcf6Dlg@@QAEHXZ$3 004120e8 f   mcf6Dlg.obj
 0001:000110fd       __ehhandler$?lixsniff_saveFile@Cmcf6Dlg@@QAEHXZ 004120fd f   mcf6Dlg.obj
 0001:00011130       __unwindfunclet$?lixsniff_startCap@Cmcf6Dlg@@QAEHXZ$0 00412130 f   mcf6Dlg.obj
 0001:00011145       __unwindfunclet$?lixsniff_startCap@Cmcf6Dlg@@QAEHXZ$1 00412145 f   mcf6Dlg.obj
 0001:0001115a       __unwindfunclet$?lixsniff_startCap@Cmcf6Dlg@@QAEHXZ$2 0041215a f   mcf6Dlg.obj
 0001:0001116c       __unwindfunclet$?lixsniff_startCap@Cmcf6Dlg@@QAEHXZ$3 0041216c f   mcf6Dlg.obj
 0001:00011177       __unwindfunclet$?lixsniff_startCap@Cmcf6Dlg@@QAEHXZ$4 00412177 f   mcf6Dlg.obj
 0001:0001118c       __ehhandler$?lixsniff_startCap@Cmcf6Dlg@@QAEHXZ 0041218c f   mcf6Dlg.obj
 0001:000111c0       __unwindfunclet$?lixsniff_updateEdit@Cmcf6Dlg@@QAEHH@Z$0 004121c0 f   mcf6Dlg.obj
 0001:000111d2       __ehhandler$?lixsniff_updateEdit@Cmcf6Dlg@@QAEHH@Z 004121d2 f   mcf6Dlg.obj
 0001:000111f0       __unwindfunclet$?lixsniff_updateNPacket@Cmcf6Dlg@@QAEHXZ$0 004121f0 f   mcf6Dlg.obj
 0001:00011202       __ehhandler$?lixsniff_updateNPacket@Cmcf6Dlg@@QAEHXZ 00412202 f   mcf6Dlg.obj
 0001:00011220       __unwindfunclet$?lixsniff_updateTree@Cmcf6Dlg@@QAEHH@Z$0 00412220 f   mcf6Dlg.obj
 0001:00011232       __unwindfunclet$?lixsniff_updateTree@Cmcf6Dlg@@QAEHH@Z$1 00412232 f   mcf6Dlg.obj
 0001:00011247       __unwindfunclet$?lixsniff_updateTree@Cmcf6Dlg@@QAEHH@Z$2 00412247 f   mcf6Dlg.obj
 0001:0001125c       __ehhandler$?lixsniff_updateTree@Cmcf6Dlg@@QAEHH@Z 0041225c f   mcf6Dlg.obj
 0001:00011280       __unwindfunclet$??0_ATL_WIN_MODULE70@ATL@@QAE@XZ$0 00412280 f   stdafx.obj
 0001:0001128b       __ehhandler$??0_ATL_WIN_MODULE70@ATL@@QAE@XZ 0041228b f   stdafx.obj
 0001:000112b0       __ehhandler$??1?$CSimpleArray@GV?$CSimpleArrayEqualHelper@G@ATL@@@ATL@@QAE@XZ 004122b0 f   stdafx.obj
 0001:000112d0       __ehhandler$??1CAtlComModule@ATL@@QAE@XZ 004122d0 f   stdafx.obj
 0001:000112f0       __ehhandler$??1CAtlWinModule@ATL@@QAE@XZ 004122f0 f   stdafx.obj
 0001:00011310       __unwindfunclet$??RCTraceFileAndLineInfo@ATL@@QBAXHIPB_WZZ$0 00412310 f   stdafx.obj
 0001:00011318       __ehhandler$??RCTraceFileAndLineInfo@ATL@@QBAXHIPB_WZZ 00412318 f   stdafx.obj
 0001:00011340       __unwindfunclet$?TraceV@CTrace@ATL@@SAXPBDHIIPB_WPAD@Z$0 00412340 f   stdafx.obj
 0001:00011348       __ehhandler$?TraceV@CTrace@ATL@@SAXPBDHIIPB_WPAD@Z 00412348 f   stdafx.obj
 0001:00011370       __ehhandler$??_Estringdispid@CComTypeInfoHolder@ATL@@QAEPAXI@Z 00412370 f   mfcs140ud:nolib.obj
 0001:00011390       ??__FtheApp@@YAXXZ         00412390 f   mcf6.obj
 0001:000113d0       ??__F_AtlComModule@ATL@@YAXXZ 004123d0 f   stdafx.obj
 0001:00011410       ??__F_AtlWinModule@ATL@@YAXXZ 00412410 f   stdafx.obj
 0001:000114d0       ??__F_AtlComModule@ATL@@YAXXZ 004124d0 f   mfcs140ud:nolib.obj
 0001:000114f0       ??__F_AtlWinModule@ATL@@YAXXZ 004124f0 f   mfcs140ud:nolib.obj
 0001:00011510       ??__F_AtlComModule@ATL@@YAXXZ 00412510 f   mfcs140ud:stdafx.obj
 0001:00011530       ??__F_AtlWinModule@ATL@@YAXXZ 00412530 f   mfcs140ud:stdafx.obj
 0001:00011546       ??__F_AtlBaseModule@ATL@@YAXXZ 00412546 f   atls:atlbase.obj
 0001:00011550       ??__F_AtlComModule@ATL@@YAXXZ 00412550 f   mfcs140ud:appmodul.obj
 0001:00011570       ??__F_AtlWinModule@ATL@@YAXXZ 00412570 f   mfcs140ud:appmodul.obj
 0002:000005dc       ?pre_cpp_initializer@@3P6AXXZA 004135dc     msvcrtd:exe_wwinmain.obj
 0002:000005e0       ?_AtlBaseModule$initializer$@ATL@@3P6AXXZA 004135e0     atls:atlbase.obj
 0002:000005e4       ?_afxInitAppState$initializer$@@3P6AXXZA 004135e4     mfcs140ud:appmodul.obj
 0002:000005e8       ?theApp$initializer$@@3P6AXXZA 004135e8     mcf6.obj
 0002:000005ec       ?atlTraceException$initializer$@ATL@@3P6AXXZA 004135ec     mcf6Dlg.obj
 0002:000005f0       ?atlTraceString$initializer$@ATL@@3P6AXXZA 004135f0     mcf6Dlg.obj
 0002:000005f4       ?atlTraceGeneral$initializer$@ATL@@3P6AXXZA 004135f4     stdafx.obj
 0002:000005f8       ?atlTraceCOM$initializer$@ATL@@3P6AXXZA 004135f8     stdafx.obj
 0002:000005fc       ?atlTraceQI$initializer$@ATL@@3P6AXXZA 004135fc     stdafx.obj
 0002:00000600       ?atlTraceRegistrar$initializer$@ATL@@3P6AXXZA 00413600     stdafx.obj
 0002:00000604       ?atlTraceRefcount$initializer$@ATL@@3P6AXXZA 00413604     stdafx.obj
 0002:00000608       ?atlTraceWindowing$initializer$@ATL@@3P6AXXZA 00413608     stdafx.obj
 0002:0000060c       ?atlTraceControls$initializer$@ATL@@3P6AXXZA 0041360c     stdafx.obj
 0002:00000610       ?atlTraceHosting$initializer$@ATL@@3P6AXXZA 00413610     stdafx.obj
 0002:00000614       ?atlTraceDBClient$initializer$@ATL@@3P6AXXZA 00413614     stdafx.obj
 0002:00000618       ?atlTraceDBProvider$initializer$@ATL@@3P6AXXZA 00413618     stdafx.obj
 0002:0000061c       ?atlTraceSnapin$initializer$@ATL@@3P6AXXZA 0041361c     stdafx.obj
 0002:00000620       ?atlTraceNotImpl$initializer$@ATL@@3P6AXXZA 00413620     stdafx.obj
 0002:00000624       ?atlTraceAllocation$initializer$@ATL@@3P6AXXZA 00413624     stdafx.obj
 0002:00000628       ?atlTraceTime$initializer$@ATL@@3P6AXXZA 00413628     stdafx.obj
 0002:0000062c       ?atlTraceCache$initializer$@ATL@@3P6AXXZA 0041362c     stdafx.obj
 0002:00000630       ?atlTraceStencil$initializer$@ATL@@3P6AXXZA 00413630     stdafx.obj
 0002:00000634       ?atlTraceMap$initializer$@ATL@@3P6AXXZA 00413634     stdafx.obj
 0002:00000638       ?atlTraceUtil$initializer$@ATL@@3P6AXXZA 00413638     stdafx.obj
 0002:0000063c       ?atlTraceSecurity$initializer$@ATL@@3P6AXXZA 0041363c     stdafx.obj
 0002:00000640       ?atlTraceSync$initializer$@ATL@@3P6AXXZA 00413640     stdafx.obj
 0002:00000644       ?atlTraceISAPI$initializer$@ATL@@3P6AXXZA 00413644     stdafx.obj
 0002:00000648       ?_AtlComModule$initializer$@ATL@@3P6AXXZA 00413648     stdafx.obj
 0002:0000064c       ?_AtlWinModule$initializer$@ATL@@3P6AXXZA 0041364c     stdafx.obj
 0002:00000650       ?InitializeCAtlStringMgr$initializer$@ATLImplementationDetails@ATL@@3P6AXXZA 00413650     stdafx.obj
 0002:0000065c       ?pre_c_initializer@@3P6AHXZA 0041365c     msvcrtd:exe_wwinmain.obj
 0002:00000660       ?post_pgo_initializer@@3P6AHXZA 00413660     msvcrtd:exe_wwinmain.obj
 0002:00000664       ?__scrt_initialize_tss_var@@3P6AHXZA 00413664     msvcrtd:thread_safe_statics.obj
 0002:00000690       ?_messageEntries@?1??GetThisMessageMap@Cmcf6App@@KGPBUAFX_MSGMAP@@XZ@4QBUAFX_MSGMAP_ENTRY@@B 00413690     mcf6.obj
 0002:000006c0       ?messageMap@?1??GetThisMessageMap@Cmcf6App@@KGPBUAFX_MSGMAP@@XZ@4U3@B 004136c0     mcf6.obj
 0002:00000808       ?_messageEntries@?1??GetThisMessageMap@CAboutDlg@@KGPBUAFX_MSGMAP@@XZ@4QBUAFX_MSGMAP_ENTRY@@B 00413808     mcf6Dlg.obj
 0002:00000820       ?messageMap@?1??GetThisMessageMap@CAboutDlg@@KGPBUAFX_MSGMAP@@XZ@4U3@B 00413820     mcf6Dlg.obj
 0002:00000828       ?_messageEntries@?1??GetThisMessageMap@Cmcf6Dlg@@KGPBUAFX_MSGMAP@@XZ@4QBUAFX_MSGMAP_ENTRY@@B 00413828     mcf6Dlg.obj
 0002:00000918       ?messageMap@?1??GetThisMessageMap@Cmcf6Dlg@@KGPBUAFX_MSGMAP@@XZ@4U3@B 00413918     mcf6Dlg.obj
 0002:0000486c       ?_RTC_ErrorMessages@@3QBQBDB 0041786c     msvcrtd:error.obj
 0002:00004884       ?_RTC_NoFalsePositives@@3QBHB 00417884     msvcrtd:error.obj
 0002:0000489c       ?stack_premsg@@3QBDB       0041789c     msvcrtd:error.obj
 0002:000048b8       ?stack_postmsg@@3QBDB      004178b8     msvcrtd:error.obj
 0002:000048cc       ?uninit_premsg@@3QBDB      004178cc     msvcrtd:error.obj
 0002:000048dc       ?uninit_postmsg@@3QBDB     004178dc     msvcrtd:error.obj
 0002:00004f4c       _GS_ExceptionPointers      00417f4c     msvcrtd:gs_report.obj
 0002:00004f54       ?_RTC_errlist@@3QBQBDB     00417f54     msvcrtd:userapi.obj
 0002:00005014       ?mspdbName@@3QB_WB         00418014     msvcrtd:pdblkup.obj
 0002:00005038       ?debugCrtFileName@@3QB_WB  00418038     msvcrtd:pdblkup.obj
 0002:00005184       ?dllExt@?1??GetPdbDllPathFromFilePath@@YAHPB_WPA_WI@Z@4QB_WB 00418184     msvcrtd:pdblkup.obj
 0002:0000518c       ?mspdbFilename@?1??GetPdbDllPathFromFilePath@@YAHPB_WPA_WI@Z@4QB_WB 0041818c     msvcrtd:pdblkup.obj
 0002:00005c3c       __RTC_InitBase.rtc$IMZ     00418c3c     mcf6.obj
 0002:00005c40       __RTC_InitBase.rtc$IMZ     00418c40     mcf6Dlg.obj
 0002:00005c44       __RTC_InitBase.rtc$IMZ     00418c44     stdafx.obj
 0002:00005c48       __RTC_InitBase.rtc$IMZ     00418c48     utilities.obj
 0002:00005c4c       __RTC_InitBase.rtc$IMZ     00418c4c     mfcs140ud:nolib.obj
 0002:00005c50       __RTC_InitBase.rtc$IMZ     00418c50     mfcs140ud:stdafx.obj
 0002:00005c54       __RTC_InitBase.rtc$IMZ     00418c54     mfcs140ud:appmodul.obj
 0002:00005c60       __RTC_Shutdown.rtc$TMZ     00418c60     mcf6.obj
 0002:00005c64       __RTC_Shutdown.rtc$TMZ     00418c64     mcf6Dlg.obj
 0002:00005c68       __RTC_Shutdown.rtc$TMZ     00418c68     stdafx.obj
 0002:00005c6c       __RTC_Shutdown.rtc$TMZ     00418c6c     utilities.obj
 0002:00005c70       __RTC_Shutdown.rtc$TMZ     00418c70     mfcs140ud:nolib.obj
 0002:00005c74       __RTC_Shutdown.rtc$TMZ     00418c74     mfcs140ud:stdafx.obj
 0002:00005c78       __RTC_Shutdown.rtc$TMZ     00418c78     mfcs140ud:appmodul.obj
 0002:00005c90       __unwindtable$?InitInstance@Cmcf6App@@UAEHXZ 00418c90     mcf6.obj
 0002:00005c98       __ehfuncinfo$?InitInstance@Cmcf6App@@UAEHXZ 00418c98     mcf6.obj
 0002:00005cbc       __unwindtable$??HATL@@YA?AV?$CStringT@_WV?$StrTraitMFC_DLL@_WV?$ChTraitsCRT@_W@ATL@@@@@0@PB_WABV10@@Z 00418cbc     mcf6Dlg.obj
 0002:00005cc4       __ehfuncinfo$??HATL@@YA?AV?$CStringT@_WV?$StrTraitMFC_DLL@_WV?$ChTraitsCRT@_W@ATL@@@@@0@PB_WABV10@@Z 00418cc4     mcf6Dlg.obj
 0002:00005ce8       __ehfuncinfo$??0Cmcf6Dlg@@QAE@PAVCWnd@@@Z 00418ce8     mcf6Dlg.obj
 0002:00005d0c       __unwindtable$??0Cmcf6Dlg@@QAE@PAVCWnd@@@Z 00418d0c     mcf6Dlg.obj
 0002:00005dcc       __ehfuncinfo$?lixsniff_startCap@Cmcf6Dlg@@QAEHXZ 00418dcc     mcf6Dlg.obj
 0002:00005df0       __unwindtable$?lixsniff_startCap@Cmcf6Dlg@@QAEHXZ 00418df0     mcf6Dlg.obj
 0002:00005e18       __unwindtable$?lixsniff_updateTree@Cmcf6Dlg@@QAEHH@Z 00418e18     mcf6Dlg.obj
 0002:00005e30       __ehfuncinfo$?lixsniff_updateTree@Cmcf6Dlg@@QAEHH@Z 00418e30     mcf6Dlg.obj
 0002:00005e54       __unwindtable$?lixsniff_updateEdit@Cmcf6Dlg@@QAEHH@Z 00418e54     mcf6Dlg.obj
 0002:00005e5c       __ehfuncinfo$?lixsniff_updateEdit@Cmcf6Dlg@@QAEHH@Z 00418e5c     mcf6Dlg.obj
 0002:00005e80       __unwindtable$?lixsniff_updateNPacket@Cmcf6Dlg@@QAEHXZ 00418e80     mcf6Dlg.obj
 0002:00005e88       __ehfuncinfo$?lixsniff_updateNPacket@Cmcf6Dlg@@QAEHXZ 00418e88     mcf6Dlg.obj
 0002:00005eac       __unwindtable$?lixsniff_saveFile@Cmcf6Dlg@@QAEHXZ 00418eac     mcf6Dlg.obj
 0002:00005ecc       __ehfuncinfo$?lixsniff_saveFile@Cmcf6Dlg@@QAEHXZ 00418ecc     mcf6Dlg.obj
 0002:00005ef0       __ehfuncinfo$?lixsniff_readFile@Cmcf6Dlg@@QAEHV?$CStringT@_WV?$StrTraitMFC_DLL@_WV?$ChTraitsCRT@_W@ATL@@@@@ATL@@@Z 00418ef0     mcf6Dlg.obj
 0002:00005f14       __unwindtable$?lixsniff_readFile@Cmcf6Dlg@@QAEHV?$CStringT@_WV?$StrTraitMFC_DLL@_WV?$ChTraitsCRT@_W@ATL@@@@@ATL@@@Z 00418f14     mcf6Dlg.obj
 0002:00005f64       __unwindtable$?OnInitDialog@Cmcf6Dlg@@MAEHXZ 00418f64     mcf6Dlg.obj
 0002:00005f74       __ehfuncinfo$?OnInitDialog@Cmcf6Dlg@@MAEHXZ 00418f74     mcf6Dlg.obj
 0002:00005f98       __unwindtable$?OnSysCommand@Cmcf6Dlg@@IAEXIJ@Z 00418f98     mcf6Dlg.obj
 0002:00005fa0       __ehfuncinfo$?OnSysCommand@Cmcf6Dlg@@IAEXIJ@Z 00418fa0     mcf6Dlg.obj
 0002:00005fc4       __unwindtable$?OnPaint@Cmcf6Dlg@@IAEXXZ 00418fc4     mcf6Dlg.obj
 0002:00005fcc       __ehfuncinfo$?OnPaint@Cmcf6Dlg@@IAEXXZ 00418fcc     mcf6Dlg.obj
 0002:00005ff0       __unwindtable$?OnBnClickedButton4@Cmcf6Dlg@@QAEXXZ 00418ff0     mcf6Dlg.obj
 0002:00005ff8       __ehfuncinfo$?OnBnClickedButton4@Cmcf6Dlg@@QAEXXZ 00418ff8     mcf6Dlg.obj
 0002:0000601c       __ehfuncinfo$?lixsinff_CapThread@@YGKPAX@Z 0041901c     mcf6Dlg.obj
 0002:00006040       __unwindtable$?lixsinff_CapThread@@YGKPAX@Z 00419040     mcf6Dlg.obj
 0002:00006078       __unwindtable$?TraceV@CTrace@ATL@@SAXPBDHIIPB_WPAD@Z 00419078     stdafx.obj
 0002:00006080       __ehfuncinfo$?TraceV@CTrace@ATL@@SAXPBDHIIPB_WPAD@Z 00419080     stdafx.obj
 0002:000060a4       __unwindtable$??RCTraceFileAndLineInfo@ATL@@QBAXHIPB_WZZ 004190a4     stdafx.obj
 0002:000060ac       __ehfuncinfo$??RCTraceFileAndLineInfo@ATL@@QBAXHIPB_WZZ 004190ac     stdafx.obj
 0002:000060d0       __ehfuncinfo$??1?$CSimpleArray@GV?$CSimpleArrayEqualHelper@G@ATL@@@ATL@@QAE@XZ 004190d0     stdafx.obj
 0002:000060f4       __unwindtable$??0_ATL_WIN_MODULE70@ATL@@QAE@XZ 004190f4     stdafx.obj
 0002:000060fc       __ehfuncinfo$??0_ATL_WIN_MODULE70@ATL@@QAE@XZ 004190fc     stdafx.obj
 0002:00006120       __ehfuncinfo$??1CAtlComModule@ATL@@QAE@XZ 00419120     stdafx.obj
 0002:00006144       __ehfuncinfo$??1CAtlWinModule@ATL@@QAE@XZ 00419144     stdafx.obj
 0002:00006168       __sehtable$_WinbaseIsolationAwarePrivatetRgzlnPgpgk@0 00419168     mfcs140ud:nolib.obj
 0002:00006188       __sehtable$_IsolationAwareUnregisterClassW@8 00419188     mfcs140ud:nolib.obj
 0002:000061a4       __ehfuncinfo$??_Estringdispid@CComTypeInfoHolder@ATL@@QAEPAXI@Z 004191a4     mfcs140ud:nolib.obj
 0002:000061c8       __sehtable$?__scrt_common_main_seh@@YAHXZ 004191c8     msvcrtd:exe_wwinmain.obj
 0002:000061e8       __sehtable$___scrt_is_nonwritable_in_current_image 004191e8     msvcrtd:utility.obj
 0002:00006208       __sehtable$?notify_debugger@@YAXABUtagEXCEPTION_VISUALCPP_DEBUG_INFO@@@Z 00419208     msvcrtd:error.obj
 0002:00006228       __sehtable$??_M@YGXPAXIIP6EX0@Z@Z 00419228     msvcrtd:ehvecdtr.obj
 0002:00006248       __sehtable$?__ArrayUnwind@@YGXPAXIIP6EX0@Z@Z 00419248     msvcrtd:ehvecdtr.obj
 0002:000069c4       .idata$6                   004199c4     wpcap:wpcap.dll
 0002:000069ce       .idata$6                   004199ce     ws2_32:WS2_32.dll
 0002:000069da       .idata$6                   004199da     mfc140ud:mfc140ud.dll
 0002:00006d76       .idata$6                   00419d76     kernel32:KERNEL32.dll
 0002:00006dba       .idata$6                   00419dba     user32:USER32.dll
 0002:00006dde       .idata$6                   00419dde     comctl32:COMCTL32.dll
 0002:00006dec       .idata$6                   00419dec     oleaut32:OLEAUT32.dll
 0002:00006eea       .idata$6                   00419eea     vcruntimed:VCRUNTIME140D.dll
 0002:00007290       .idata$6                   0041a290     ucrtd:ucrtbased.dll
 0003:00002460       ?is_initialized_as_dll@@3_NA 0041d460     msvcrtd:utility.obj
 0003:00002461       ?module_local_atexit_table_initialized@@3_NA 0041d461     msvcrtd:utility.obj
 0003:00002464       ?module_local_atexit_table@@3U_onexit_table_t@@A 0041d464     msvcrtd:utility.obj
 0003:00002470       ?module_local_at_quick_exit_table@@3U_onexit_table_t@@A 0041d470     msvcrtd:utility.obj
 0003:0000247c       ?init@?1??_RTC_InitBase@@9@4_NA 0041d47c     msvcrtd:init.obj
 0003:00002480       ?g_tss_cv@@3U_RTL_CONDITION_VARIABLE@@A 0041d480     msvcrtd:thread_safe_statics.obj
 0003:00002484       ?g_tss_event@@3PAXA        0041d484     msvcrtd:thread_safe_statics.obj
 0003:00002488       ?g_tss_mutex@@3U_RTL_CRITICAL_SECTION@@A 0041d488     msvcrtd:thread_safe_statics.obj
 0003:000024a0       ?g_sleep_condition_variable_cs@@3P6GHPAU_RTL_CONDITION_VARIABLE@@PAU_RTL_CRITICAL_SECTION@@K@ZA 0041d4a0     msvcrtd:thread_safe_statics.obj
 0003:000024a4       ?g_wake_all_condition_variable@@3P6GXPAU_RTL_CONDITION_VARIABLE@@@ZA 0041d4a4     msvcrtd:thread_safe_statics.obj
 0003:000024d0       _GS_ExceptionRecord        0041d4d0     msvcrtd:gs_report.obj
 0003:00002520       _GS_ContextRecord          0041d520     msvcrtd:gs_report.obj
 0003:000027ec       ?_RTC_ErrorReportFunc@@3P6AHHPBDH00ZZA 0041d7ec     msvcrtd:userapi.obj
 0003:000027f0       ?_RTC_ErrorReportFuncW@@3P6AHHPB_WH00ZZA 0041d7f0     msvcrtd:userapi.obj
 0003:000027f4       ?mspdb@@3PAUHINSTANCE__@@A 0041d7f4     msvcrtd:pdblkup.obj
 0003:000027f8       ?alreadyTried@?1??GetPdbDll@@YAPAUHINSTANCE__@@XZ@4_NA 0041d7f8     msvcrtd:pdblkup.obj
 0003:000027f9       ?PDBOK@?1??_RTC_GetSrcLine@@YAHPAEPA_WKPAH1K@Z@4_NA 0041d7f9     msvcrtd:pdblkup.obj
 0004:00000370       $R000000                   0041e370     mcf6.res
 0004:000009d8       $R000668                   0041e9d8     mcf6.res
 0004:00000cc0       $R000950                   0041ecc0     mcf6.res
 0004:00000de8       $R000A78                   0041ede8     mcf6.res
 0004:00001c90       $R001920                   0041fc90     mcf6.res
 0004:00002538       $R0021C8                   00420538     mcf6.res
 0004:00002aa0       $R002730                   00420aa0     mcf6.res
 0004:00004748       $R0043D8                   00422748     mcf6.res
 0004:000053f0       $R005080                   004233f0     mcf6.res
 0004:00005758       $R0053E8                   00423758     mcf6.res
 0004:000057e0       $R005470                   004237e0     mcf6.res
 0004:000058f8       $R005588                   004238f8     mcf6.res
 0004:00005da0       $R005A30                   00423da0     mcf6.res
 0004:00006058       $R005CE8                   00424058     mcf6.res
 0004:00006098       $R005D28                   00424098     mcf6.res
